Component: Arm Compiler for Embedded 6.19 Tool: armlink [5e73cb00]

==============================================================================

Section Cross References

    delay.o(.ARM.exidx.text.delay_us) refers to delay.o(.text.delay_us) for [Anonymous Symbol]
    i2c1.o(.ARM.exidx.text.i2c1_init) refers to i2c1.o(.text.i2c1_init) for [Anonymous Symbol]
    i2c1.o(.ARM.exidx.text.i2c1_write_cmd) refers to i2c1.o(.text.i2c1_write_cmd) for [Anonymous Symbol]
    i2c1.o(.ARM.exidx.text.i2c1_write_data) refers to i2c1.o(.text.i2c1_write_data) for [Anonymous Symbol]
    ssd1306.o(.text.ssd1306_init) refers to rt_memclr.o(.text) for __aeabi_memclr4
    ssd1306.o(.text.ssd1306_init) refers to i2c1.o(.text.i2c1_init) for i2c1_init
    ssd1306.o(.text.ssd1306_init) refers to i2c1.o(.text.i2c1_write_cmd) for i2c1_write_cmd
    ssd1306.o(.text.ssd1306_init) refers to ssd1306.o(.bss.ssd1306_framebuffer) for ssd1306_framebuffer
    ssd1306.o(.text.ssd1306_init) refers to ssd1306.o(.rodata.ssd1306_init_commands) for ssd1306_init_commands
    ssd1306.o(.ARM.exidx.text.ssd1306_init) refers to ssd1306.o(.text.ssd1306_init) for [Anonymous Symbol]
    ssd1306.o(.text.ssd1306_command) refers to i2c1.o(.text.i2c1_write_cmd) for i2c1_write_cmd
    ssd1306.o(.text.ssd1306_command) refers to rt_memclr.o(.text) for __aeabi_memclr4
    ssd1306.o(.text.ssd1306_command) refers to i2c1.o(.text.i2c1_init) for i2c1_init
    ssd1306.o(.text.ssd1306_command) refers to ssd1306.o(.bss.ssd1306_framebuffer) for ssd1306_framebuffer
    ssd1306.o(.text.ssd1306_command) refers to ssd1306.o(.rodata.ssd1306_init_commands) for ssd1306_init_commands
    ssd1306.o(.ARM.exidx.text.ssd1306_command) refers to ssd1306.o(.text.ssd1306_command) for [Anonymous Symbol]
    ssd1306.o(.text.ssd1306_data) refers to i2c1.o(.text.i2c1_write_data) for i2c1_write_data
    ssd1306.o(.text.ssd1306_data) refers to rt_memclr.o(.text) for __aeabi_memclr4
    ssd1306.o(.text.ssd1306_data) refers to i2c1.o(.text.i2c1_init) for i2c1_init
    ssd1306.o(.text.ssd1306_data) refers to i2c1.o(.text.i2c1_write_cmd) for i2c1_write_cmd
    ssd1306.o(.text.ssd1306_data) refers to ssd1306.o(.bss.ssd1306_framebuffer) for ssd1306_framebuffer
    ssd1306.o(.text.ssd1306_data) refers to ssd1306.o(.rodata.ssd1306_init_commands) for ssd1306_init_commands
    ssd1306.o(.ARM.exidx.text.ssd1306_data) refers to ssd1306.o(.text.ssd1306_data) for [Anonymous Symbol]
    ssd1306.o(.text.ssd1306_update) refers to i2c1.o(.text.i2c1_write_cmd) for i2c1_write_cmd
    ssd1306.o(.text.ssd1306_update) refers to delay.o(.text.delay_us) for delay_us
    ssd1306.o(.text.ssd1306_update) refers to i2c1.o(.text.i2c1_write_data) for i2c1_write_data
    ssd1306.o(.text.ssd1306_update) refers to rt_memclr.o(.text) for __aeabi_memclr4
    ssd1306.o(.text.ssd1306_update) refers to i2c1.o(.text.i2c1_init) for i2c1_init
    ssd1306.o(.text.ssd1306_update) refers to ssd1306.o(.bss.ssd1306_framebuffer) for ssd1306_framebuffer
    ssd1306.o(.text.ssd1306_update) refers to ssd1306.o(.rodata.ssd1306_init_commands) for ssd1306_init_commands
    ssd1306.o(.ARM.exidx.text.ssd1306_update) refers to ssd1306.o(.text.ssd1306_update) for [Anonymous Symbol]
    ssd1306.o(.text.ssd1306_setfont) refers to ssd1306.o(.data.font) for font
    ssd1306.o(.ARM.exidx.text.ssd1306_setfont) refers to ssd1306.o(.text.ssd1306_setfont) for [Anonymous Symbol]
    ssd1306.o(.text.ssd1306_setorientation) refers to delay.o(.text.delay_us) for delay_us
    ssd1306.o(.text.ssd1306_setorientation) refers to i2c1.o(.text.i2c1_write_cmd) for i2c1_write_cmd
    ssd1306.o(.text.ssd1306_setorientation) refers to rt_memclr.o(.text) for __aeabi_memclr4
    ssd1306.o(.text.ssd1306_setorientation) refers to i2c1.o(.text.i2c1_init) for i2c1_init
    ssd1306.o(.text.ssd1306_setorientation) refers to ssd1306.o(.bss.ssd1306_framebuffer) for ssd1306_framebuffer
    ssd1306.o(.text.ssd1306_setorientation) refers to ssd1306.o(.rodata.ssd1306_init_commands) for ssd1306_init_commands
    ssd1306.o(.ARM.exidx.text.ssd1306_setorientation) refers to ssd1306.o(.text.ssd1306_setorientation) for [Anonymous Symbol]
    ssd1306.o(.text.ssd1306_setinverse) refers to i2c1.o(.text.i2c1_write_cmd) for i2c1_write_cmd
    ssd1306.o(.text.ssd1306_setinverse) refers to rt_memclr.o(.text) for __aeabi_memclr4
    ssd1306.o(.text.ssd1306_setinverse) refers to i2c1.o(.text.i2c1_init) for i2c1_init
    ssd1306.o(.text.ssd1306_setinverse) refers to ssd1306.o(.bss.ssd1306_framebuffer) for ssd1306_framebuffer
    ssd1306.o(.text.ssd1306_setinverse) refers to ssd1306.o(.rodata.ssd1306_init_commands) for ssd1306_init_commands
    ssd1306.o(.ARM.exidx.text.ssd1306_setinverse) refers to ssd1306.o(.text.ssd1306_setinverse) for [Anonymous Symbol]
    ssd1306.o(.text.ssd1306_clearscreen) refers to rt_memclr.o(.text) for __aeabi_memclr4
    ssd1306.o(.text.ssd1306_clearscreen) refers to ssd1306.o(.bss.ssd1306_framebuffer) for ssd1306_framebuffer
[...]
    menu.o(.text.menu_Preset) refers to ssd1306.o(.text.ssd1306_drawbitmap) for ssd1306_drawbitmap
    menu.o(.text.menu_Preset) refers to ssd1306.o(.text.ssd1306_putstring) for ssd1306_putstring
    menu.o(.text.menu_Preset) refers to ssd1306.o(.text.ssd1306_update) for ssd1306_update
    menu.o(.text.menu_Preset) refers to switches.o(.bss..L_MergedGlobals) for sw1_pressed_flag
    menu.o(.text.menu_Preset) refers to menu.o(.bss..L_MergedGlobals) for [Anonymous Symbol]
    menu.o(.text.menu_Preset) refers to bitmaps.o(.rodata.arrow_select1) for arrow_select1
    menu.o(.text.menu_Preset) refers to bitmaps.o(.rodata.arrow_select2) for arrow_select2
    menu.o(.text.menu_Preset) refers to bitmaps.o(.rodata.arrow_select3) for arrow_select3
    menu.o(.text.menu_Preset) refers to bitmaps.o(.rodata.arrow_select4) for arrow_select4
    menu.o(.text.menu_Preset) refers to bitmaps.o(.rodata.arrow_select5) for arrow_select5
    menu.o(.ARM.exidx.text.menu_Preset) refers (Special) to _printf_percent.o(.ARM.Collect$$_printf_percent$$00000000) for _printf_percent
    menu.o(.ARM.exidx.text.menu_Preset) refers (Special) to _printf_d.o(.ARM.Collect$$_printf_percent$$00000009) for _printf_d
    menu.o(.ARM.exidx.text.menu_Preset) refers (Special) to _printf_dec.o(.text) for _printf_int_dec
    menu.o(.ARM.exidx.text.menu_Preset) refers to menu.o(.text.menu_Preset) for [Anonymous Symbol]
    menu.o(.data.changeValue) refers (Special) to _printf_percent.o(.ARM.Collect$$_printf_percent$$00000000) for _printf_percent
    menu.o(.data.changeValue) refers (Special) to _printf_d.o(.ARM.Collect$$_printf_percent$$00000009) for _printf_d
    menu.o(.data.changeValue) refers (Special) to _printf_dec.o(.text) for _printf_int_dec
    menu.o(.rodata.str1.1) refers (Special) to _printf_percent.o(.ARM.Collect$$_printf_percent$$00000000) for _printf_percent
    menu.o(.rodata.str1.1) refers (Special) to _printf_d.o(.ARM.Collect$$_printf_percent$$00000009) for _printf_d
    menu.o(.rodata.str1.1) refers (Special) to _printf_dec.o(.text) for _printf_int_dec
    menu.o(.bss..L_MergedGlobals) refers (Special) to _printf_percent.o(.ARM.Collect$$_printf_percent$$00000000) for _printf_percent
    menu.o(.bss..L_MergedGlobals) refers (Special) to _printf_d.o(.ARM.Collect$$_printf_percent$$00000009) for _printf_d
    menu.o(.bss..L_MergedGlobals) refers (Special) to _printf_dec.o(.text) for _printf_int_dec
    switches.o(.ARM.exidx.text.sw_init) refers to switches.o(.text.sw_init) for [Anonymous Symbol]
    switches.o(.text.PORTA_IRQHandler) refers to switches.o(.bss..L_MergedGlobals) for [Anonymous Symbol]
    switches.o(.ARM.exidx.text.PORTA_IRQHandler) refers to switches.o(.text.PORTA_IRQHandler) for [Anonymous Symbol]
    switches.o(.text.PORTD_IRQHandler) refers to switches.o(.bss.sw3_pressed_flag) for sw3_pressed_flag
    switches.o(.ARM.exidx.text.PORTD_IRQHandler) refers to switches.o(.text.PORTD_IRQHandler) for [Anonymous Symbol]
    startup_mkl25z4.o(STACK) refers (Special) to heapauxi.o(.text) for __use_two_region_memory
    startup_mkl25z4.o(HEAP) refers (Special) to heapauxi.o(.text) for __use_two_region_memory
    startup_mkl25z4.o(RESET) refers (Special) to heapauxi.o(.text) for __use_two_region_memory
    startup_mkl25z4.o(RESET) refers to startup_mkl25z4.o(STACK) for __initial_sp
    startup_mkl25z4.o(RESET) refers to startup_mkl25z4.o(.text) for Reset_Handler
    startup_mkl25z4.o(RESET) refers to switches.o(.text.PORTA_IRQHandler) for PORTA_IRQHandler
    startup_mkl25z4.o(RESET) refers to switches.o(.text.PORTD_IRQHandler) for PORTD_IRQHandler
    startup_mkl25z4.o(.ARM.__at_0x400) refers (Special) to heapauxi.o(.text) for __use_two_region_memory
    startup_mkl25z4.o(.text) refers (Special) to heapauxi.o(.text) for __use_two_region_memory
    startup_mkl25z4.o(.text) refers to system_mkl25z4.o(.text.SystemInit) for SystemInit
    startup_mkl25z4.o(.text) refers to __main.o(!!!main) for __main
    startup_mkl25z4.o(.text) refers to startup_mkl25z4.o(HEAP) for Heap_Mem
    startup_mkl25z4.o(.text) refers to startup_mkl25z4.o(STACK) for Stack_Mem
    system_mkl25z4.o(.ARM.exidx.text.SystemInit) refers to system_mkl25z4.o(.text.SystemInit) for [Anonymous Symbol]
    system_mkl25z4.o(.text.SystemCoreClockUpdate) refers to aeabi_sdivfast.o(.text_divfast) for __aeabi_uidiv
    system_mkl25z4.o(.text.SystemCoreClockUpdate) refers to system_mkl25z4.o(.data.SystemCoreClock) for SystemCoreClock
    system_mkl25z4.o(.ARM.exidx.text.SystemCoreClockUpdate) refers to system_mkl25z4.o(.text.SystemCoreClockUpdate) for [Anonymous Symbol]
    __2sprintf.o(.text) refers to _printf_char_common.o(.text) for _printf_char_common
    __2sprintf.o(.text) refers to _sputc.o(.text) for _sputc
    noretval__2sprintf.o(.text) refers to _printf_char_common.o(.text) for _printf_char_common
    noretval__2sprintf.o(.text) refers to _sputc.o(.text) for _sputc
    __printf.o(.text) refers to _printf_percent.o(.ARM.Collect$$_printf_percent$$00000000) for _printf_percent
    _printf_dec.o(.text) refers to rtudiv10.o(.text) for __rt_udiv10
    _printf_dec.o(.text) refers to _printf_intcommon.o(.text) for _printf_int_common
    __printf_flags.o(.text) refers to _printf_percent.o(.ARM.Collect$$_printf_percent$$00000000) for _printf_percent
    __printf_flags.o(.text) refers to __printf_flags.o(.constdata) for .constdata
    __printf_ss.o(.text) refers to _printf_percent.o(.ARM.Collect$$_printf_percent$$00000000) for _printf_percent
    __printf_flags_ss.o(.text) refers to _printf_percent.o(.ARM.Collect$$_printf_percent$$00000000) for _printf_percent
    __printf_flags_ss.o(.text) refers to __printf_flags_ss.o(.constdata) for .constdata
    __printf_wp.o(.text) refers to __printf_wp.o(i._is_digit) for _is_digit
    __printf_wp.o(.text) refers to _printf_percent.o(.ARM.Collect$$_printf_percent$$00000000) for _printf_percent
    __printf_flags_wp.o(.text) refers to __printf_wp.o(i._is_digit) for _is_digit
    __printf_flags_wp.o(.text) refers to _printf_percent.o(.ARM.Collect$$_printf_percent$$00000000) for _printf_percent
    __printf_flags_wp.o(.text) refers to __printf_flags_wp.o(.constdata) for .constdata
    __printf_ss_wp.o(.text) refers to __printf_wp.o(i._is_digit) for _is_digit
    __printf_ss_wp.o(.text) refers to _printf_percent.o(.ARM.Collect$$_printf_percent$$00000000) for _printf_percent
    __printf_flags_ss_wp.o(.text) refers to __printf_wp.o(i._is_digit) for _is_digit
    __printf_flags_ss_wp.o(.text) refers to _printf_percent.o(.ARM.Collect$$_printf_percent$$00000000) for _printf_percent
    __printf_flags_ss_wp.o(.text) refers to __printf_flags_ss_wp.o(.constdata) for .constdata
    _printf_d.o(.ARM.Collect$$_printf_percent$$00000009) refers (Weak) to _printf_dec.o(.text) for _printf_int_dec
    _printf_percent.o(.ARM.Collect$$_printf_percent$$00000000) refers (Special) to _printf_percent_end.o(.ARM.Collect$$_printf_percent$$00000017) for _printf_percent_end
    rt_memcpy.o(.text) refers to rt_memcpy.o(.emb_text) for __aeabi_memcpy4
    __main.o(!!!main) refers to __rtentry.o(.ARM.Collect$$rtentry$$00000000) for __rt_entry
    __rtentry.o(.ARM.Collect$$rtentry$$00000000) refers (Special) to __rtentry2.o(.ARM.Collect$$rtentry$$0000000A) for __rt_entry_li
    __rtentry.o(.ARM.Collect$$rtentry$$00000000) refers (Special) to __rtentry2.o(.ARM.Collect$$rtentry$$0000000D) for __rt_entry_main
    __rtentry.o(.ARM.Collect$$rtentry$$00000000) refers (Special) to __rtentry2.o(.ARM.Collect$$rtentry$$0000000C) for __rt_entry_postli_1
    __rtentry.o(.ARM.Collect$$rtentry$$00000000) refers (Special) to __rtentry2.o(.ARM.Collect$$rtentry$$00000009) for __rt_entry_postsh_1
    __rtentry.o(.ARM.Collect$$rtentry$$00000000) refers (Special) to __rtentry2.o(.ARM.Collect$$rtentry$$00000002) for __rt_entry_presh_1
    __rtentry.o(.ARM.Collect$$rtentry$$00000000) refers (Special) to __rtentry4.o(.ARM.Collect$$rtentry$$00000004) for __rt_entry_sh
    aeabi_idiv0_sigfpe.o(.text) refers to rt_div0.o(.text) for __rt_div0
    _printf_char_common.o(.text) refers to __printf.o(.text) for __printf
    __rtentry2.o(.ARM.Collect$$rtentry$$00000008) refers to boardinit2.o(.text) for _platform_post_stackheap_init
    __rtentry2.o(.ARM.Collect$$rtentry$$0000000A) refers to libinit.o(.ARM.Collect$$libinit$$00000000) for __rt_lib_init
    __rtentry2.o(.ARM.Collect$$rtentry$$0000000B) refers to boardinit3.o(.text) for _platform_post_lib_init
    __rtentry2.o(.ARM.Collect$$rtentry$$0000000D) refers to main.o(.text.main) for main
    __rtentry2.o(.ARM.Collect$$rtentry$$0000000D) refers to exit.o(.text) for exit
    __rtentry2.o(.ARM.exidx) refers to __rtentry2.o(.ARM.Collect$$rtentry$$00000001) for .ARM.Collect$$rtentry$$00000001
    __rtentry2.o(.ARM.exidx) refers to __rtentry2.o(.ARM.Collect$$rtentry$$00000008) for .ARM.Collect$$rtentry$$00000008
    __rtentry2.o(.ARM.exidx) refers to __rtentry2.o(.ARM.Collect$$rtentry$$0000000A) for .ARM.Collect$$rtentry$$0000000A
    __rtentry2.o(.ARM.exidx) refers to __rtentry2.o(.ARM.Collect$$rtentry$$0000000B) for .ARM.Collect$$rtentry$$0000000B
    __rtentry2.o(.ARM.exidx) refers to __rtentry2.o(.ARM.Collect$$rtentry$$0000000D) for .ARM.Collect$$rtentry$$0000000D
    __rtentry4.o(.ARM.Collect$$rtentry$$00000004) refers to sys_stackheap_outer.o(.text) for __user_setup_stackheap
    __rtentry4.o(.ARM.exidx) refers to __rtentry4.o(.ARM.Collect$$rtentry$$00000004) for .ARM.Collect$$rtentry$$00000004
    rt_div0.o(.text) refers to defsig_fpe_outer.o(.text) for __rt_SIGFPE
    sys_stackheap_outer.o(.text) refers to libspace.o(.text) for __user_perproc_libspace
    sys_stackheap_outer.o(.text) refers to startup_mkl25z4.o(.text) for __user_initial_stackheap
    sys_stackheap_outer.o(__vectab_stack_and_reset_area) refers to tempstk.o(.text) for __temporary_stack_top
    sys_stackheap_outer.o(__vectab_stack_and_reset_area) refers to __main.o(!!!main) for __main
    exit.o(.text) refers to rtexit.o(.ARM.Collect$$rtexit$$00000000) for __rt_exit
    defsig_fpe_outer.o(.text) refers to defsig_fpe_inner.o(.text) for __rt_SIGFPE_inner
    defsig_fpe_outer.o(.text) refers to defsig_exit.o(.text) for __sig_exit
    defsig_fpe_formal.o(.text) refers to rt_raise.o(.text) for __rt_raise
    libinit.o(.ARM.Collect$$libinit$$00000000) refers (Special) to libinit2.o(.ARM.Collect$$libinit$$00000030) for __rt_lib_init_alloca_1
    libinit.o(.ARM.Collect$$libinit$$00000000) refers (Special) to libinit2.o(.ARM.Collect$$libinit$$0000002E) for __rt_lib_init_argv_1
    libinit.o(.ARM.Collect$$libinit$$00000000) refers (Special) to libinit2.o(.ARM.Collect$$libinit$$0000001D) for __rt_lib_init_atexit_1
    libinit.o(.ARM.Collect$$libinit$$00000000) refers (Special) to libinit2.o(.ARM.Collect$$libinit$$00000023) for __rt_lib_init_clock_1
    libinit.o(.ARM.Collect$$libinit$$00000000) refers (Special) to libinit2.o(.ARM.Collect$$libinit$$00000034) for __rt_lib_init_cpp_1
    libinit.o(.ARM.Collect$$libinit$$00000000) refers (Special) to libinit2.o(.ARM.Collect$$libinit$$00000032) for __rt_lib_init_exceptions_1
    libinit.o(.ARM.Collect$$libinit$$00000000) refers (Special) to libinit2.o(.ARM.Collect$$libinit$$00000002) for __rt_lib_init_fp_1
    libinit.o(.ARM.Collect$$libinit$$00000000) refers (Special) to libinit2.o(.ARM.Collect$$libinit$$00000021) for __rt_lib_init_fp_trap_1
    libinit.o(.ARM.Collect$$libinit$$00000000) refers (Special) to libinit2.o(.ARM.Collect$$libinit$$00000025) for __rt_lib_init_getenv_1
    libinit.o(.ARM.Collect$$libinit$$00000000) refers (Special) to libinit2.o(.ARM.Collect$$libinit$$0000000C) for __rt_lib_init_heap_1
    libinit.o(.ARM.Collect$$libinit$$00000000) refers (Special) to libinit2.o(.ARM.Collect$$libinit$$00000013) for __rt_lib_init_lc_collate_1
    libinit.o(.ARM.Collect$$libinit$$00000000) refers (Special) to libinit2.o(.ARM.Collect$$libinit$$00000015) for __rt_lib_init_lc_ctype_1
    libinit.o(.ARM.Collect$$libinit$$00000000) refers (Special) to libinit2.o(.ARM.Collect$$libinit$$00000017) for __rt_lib_init_lc_monetary_1
    libinit.o(.ARM.Collect$$libinit$$00000000) refers (Special) to libinit2.o(.ARM.Collect$$libinit$$00000019) for __rt_lib_init_lc_numeric_1
    libinit.o(.ARM.Collect$$libinit$$00000000) refers (Special) to libinit2.o(.ARM.Collect$$libinit$$0000001B) for __rt_lib_init_lc_time_1
    libinit.o(.ARM.Collect$$libinit$$00000000) refers (Special) to libinit2.o(.ARM.Collect$$libinit$$00000006) for __rt_lib_init_preinit_1
    libinit.o(.ARM.Collect$$libinit$$00000000) refers (Special) to libinit2.o(.ARM.Collect$$libinit$$00000010) for __rt_lib_init_rand_1
    libinit.o(.ARM.Collect$$libinit$$00000000) refers (Special) to libinit2.o(.ARM.Collect$$libinit$$00000004) for __rt_lib_init_relocate_pie_1
    libinit.o(.ARM.Collect$$libinit$$00000000) refers (Special) to libinit2.o(.ARM.Collect$$libinit$$00000035) for __rt_lib_init_return
    libinit.o(.ARM.Collect$$libinit$$00000000) refers (Special) to libinit2.o(.ARM.Collect$$libinit$$0000001F) for __rt_lib_init_signal_1
    libinit.o(.ARM.Collect$$libinit$$00000000) refers (Special) to libinit2.o(.ARM.Collect$$libinit$$00000027) for __rt_lib_init_stdio_1
    libinit.o(.ARM.Collect$$libinit$$00000000) refers (Special) to libinit2.o(.ARM.Collect$$libinit$$0000000E) for __rt_lib_init_user_alloc_1
    libspace.o(.text) refers to libspace.o(.bss) for __libspace_start
    rtexit.o(.ARM.Collect$$rtexit$$00000000) refers (Special) to rtexit2.o(.ARM.Collect$$rtexit$$00000004) for __rt_exit_exit
    rtexit.o(.ARM.Collect$$rtexit$$00000000) refers (Special) to rtexit2.o(.ARM.Collect$$rtexit$$00000003) for __rt_exit_ls
    rtexit.o(.ARM.Collect$$rtexit$$00000000) refers (Special) to rtexit2.o(.ARM.Collect$$rtexit$$00000002) for __rt_exit_prels_1
    rtexit.o(.ARM.exidx) refers (Special) to rtexit2.o(.ARM.Collect$$rtexit$$00000004) for __rt_exit_exit
    rtexit.o(.ARM.exidx) refers (Special) to rtexit2.o(.ARM.Collect$$rtexit$$00000003) for __rt_exit_ls
    rtexit.o(.ARM.exidx) refers (Special) to rtexit2.o(.ARM.Collect$$rtexit$$00000002) for __rt_exit_prels_1
    rtexit.o(.ARM.exidx) refers to rtexit.o(.ARM.Collect$$rtexit$$00000000) for .ARM.Collect$$rtexit$$00000000
    rt_raise.o(.text) refers to __raise.o(.text) for __raise
    rt_raise.o(.text) refers to sys_exit.o(.text) for _sys_exit
    defsig_exit.o(.text) refers to sys_exit.o(.text) for _sys_exit
    defsig_fpe_inner.o(.text) refers to defsig_general.o(.text) for __default_signal_display
    libinit2.o(.ARM.Collect$$libinit$$00000012) refers to libinit2.o(.ARM.Collect$$libinit$$00000011) for .ARM.Collect$$libinit$$00000011
    libinit2.o(.ARM.Collect$$libinit$$00000014) refers to libinit2.o(.ARM.Collect$$libinit$$00000011) for .ARM.Collect$$libinit$$00000011
    libinit2.o(.ARM.Collect$$libinit$$00000016) refers to libinit2.o(.ARM.Collect$$libinit$$00000011) for .ARM.Collect$$libinit$$00000011
    libinit2.o(.ARM.Collect$$libinit$$00000018) refers to libinit2.o(.ARM.Collect$$libinit$$00000011) for .ARM.Collect$$libinit$$00000011
    libinit2.o(.ARM.Collect$$libinit$$0000001A) refers to libinit2.o(.ARM.Collect$$libinit$$00000011) for .ARM.Collect$$libinit$$00000011
    libinit2.o(.ARM.Collect$$libinit$$00000028) refers to argv_veneer.o(.text) for __ARM_argv_veneer
    libinit2.o(.ARM.Collect$$libinit$$00000029) refers to argv_veneer.o(.text) for __ARM_argv_veneer
    sys_exit.o(.text) refers (Special) to use_no_semi.o(.text) for __I$use$semihosting
    sys_exit.o(.text) refers (Special) to indicate_semi.o(.text) for __semihosting_library_function
    sys_exit_hlt.o(.text) refers (Special) to use_no_semi.o(.text) for __I$use$semihosting
    sys_exit_hlt.o(.text) refers (Special) to indicate_semi.o(.text) for __semihosting_library_function
    rtexit2.o(.ARM.Collect$$rtexit$$00000003) refers to libshutdown.o(.ARM.Collect$$libshutdown$$00000000) for __rt_lib_shutdown
    rtexit2.o(.ARM.Collect$$rtexit$$00000004) refers to sys_exit.o(.text) for _sys_exit
    rtexit2.o(.ARM.exidx) refers to rtexit2.o(.ARM.Collect$$rtexit$$00000001) for .ARM.Collect$$rtexit$$00000001
    rtexit2.o(.ARM.exidx) refers to rtexit2.o(.ARM.Collect$$rtexit$$00000003) for .ARM.Collect$$rtexit$$00000003
    rtexit2.o(.ARM.exidx) refers to rtexit2.o(.ARM.Collect$$rtexit$$00000004) for .ARM.Collect$$rtexit$$00000004
    __raise.o(.text) refers to defsig.o(CL$$defsig) for __default_signal_handler
    defsig_general.o(.text) refers to sys_wrch.o(.text) for _ttywrch
    sys_wrch.o(.text) refers (Special) to use_no_semi.o(.text) for __I$use$semihosting
    sys_wrch.o(.text) refers (Special) to indicate_semi.o(.text) for __semihosting_library_function
    sys_wrch_hlt.o(.text) refers (Special) to use_no_semi.o(.text) for __I$use$semihosting
    sys_wrch_hlt.o(.text) refers (Special) to indicate_semi.o(.text) for __semihosting_library_function
    defsig.o(CL$$defsig) refers to defsig_fpe_inner.o(.text) for __rt_SIGFPE_inner
    defsig.o(CL$$defsig) refers to defsig_rtmem_inner.o(.text) for __rt_SIGRTMEM_inner
    _get_argv_nomalloc.o(.text) refers (Special) to hrguard.o(.text) for __heap_region$guard
    _get_argv_nomalloc.o(.text) refers to defsig_rtmem_outer.o(.text) for __rt_SIGRTMEM
    _get_argv_nomalloc.o(.text) refers to sys_command.o(.text) for _sys_command_string
    libshutdown.o(.ARM.Collect$$libshutdown$$00000000) refers (Special) to libshutdown2.o(.ARM.Collect$$libshutdown$$00000002) for __rt_lib_shutdown_cpp_1
    libshutdown.o(.ARM.Collect$$libshutdown$$00000000) refers (Special) to libshutdown2.o(.ARM.Collect$$libshutdown$$00000007) for __rt_lib_shutdown_fp_trap_1
    libshutdown.o(.ARM.Collect$$libshutdown$$00000000) refers (Special) to libshutdown2.o(.ARM.Collect$$libshutdown$$0000000F) for __rt_lib_shutdown_heap_1
    libshutdown.o(.ARM.Collect$$libshutdown$$00000000) refers (Special) to libshutdown2.o(.ARM.Collect$$libshutdown$$00000010) for __rt_lib_shutdown_return
    libshutdown.o(.ARM.Collect$$libshutdown$$00000000) refers (Special) to libshutdown2.o(.ARM.Collect$$libshutdown$$0000000A) for __rt_lib_shutdown_signal_1
    libshutdown.o(.ARM.Collect$$libshutdown$$00000000) refers (Special) to libshutdown2.o(.ARM.Collect$$libshutdown$$00000004) for __rt_lib_shutdown_stdio_1
    libshutdown.o(.ARM.Collect$$libshutdown$$00000000) refers (Special) to libshutdown2.o(.ARM.Collect$$libshutdown$$0000000C) for __rt_lib_shutdown_user_alloc_1
    sys_command.o(.text) refers (Special) to use_no_semi.o(.text) for __I$use$semihosting
    sys_command.o(.text) refers (Special) to indicate_semi.o(.text) for __semihosting_library_function
    sys_command_hlt.o(.text) refers (Special) to use_no_semi.o(.text) for __I$use$semihosting
    sys_command_hlt.o(.text) refers (Special) to indicate_semi.o(.text) for __semihosting_library_function
    defsig_abrt_inner.o(.text) refers to defsig_general.o(.text) for __default_signal_display
    defsig_rtred_inner.o(.text) refers to defsig_general.o(.text) for __default_signal_display
    defsig_rtmem_inner.o(.text) refers to defsig_general.o(.text) for __default_signal_display
    defsig_rtmem_outer.o(.text) refers to defsig_rtmem_inner.o(.text) for __rt_SIGRTMEM_inner
    defsig_rtmem_outer.o(.text) refers to defsig_exit.o(.text) for __sig_exit
    defsig_rtmem_formal.o(.text) refers to rt_raise.o(.text) for __rt_raise
    defsig_stak_inner.o(.text) refers to defsig_general.o(.text) for __default_signal_display
    defsig_pvfn_inner.o(.text) refers to defsig_general.o(.text) for __default_signal_display
    defsig_cppl_inner.o(.text) refers to defsig_general.o(.text) for __default_signal_display
    defsig_segv_inner.o(.text) refers to defsig_general.o(.text) for __default_signal_display
    defsig_other.o(.text) refers to defsig_general.o(.text) for __default_signal_display


==============================================================================

Removing Unused input sections from the image.

    Removing delay.o(.text), (0 bytes).
    Removing delay.o(.ARM.exidx.text.delay_us), (8 bytes).
    Removing bitmaps.o(.text), (0 bytes).
    Removing bitmaps.o(.rodata.bitmap1), (1024 bytes).
    Removing bitmaps.o(.rodata.bitmap2), (1024 bytes).
    Removing bitmaps.o(.rodata.bitmap3), (1024 bytes).
    Removing fonts.o(.text), (0 bytes).
    Removing fonts.o(.rodata.Dialog_plain_12), (3793 bytes).
    Removing fonts.o(.rodata.Monospaced_bold_24), (11967 bytes).
    Removing i2c1.o(.text), (0 bytes).
    Removing i2c1.o(.ARM.exidx.text.i2c1_init), (8 bytes).
    Removing i2c1.o(.ARM.exidx.text.i2c1_write_cmd), (8 bytes).
    Removing i2c1.o(.ARM.exidx.text.i2c1_write_data), (8 bytes).
    Removing ssd1306.o(.text), (0 bytes).
    Removing ssd1306.o(.ARM.exidx.text.ssd1306_init), (8 bytes).
    Removing ssd1306.o(.text.ssd1306_command), (56 bytes).
    Removing ssd1306.o(.ARM.exidx.text.ssd1306_command), (8 bytes).
    Removing ssd1306.o(.text.ssd1306_data), (56 bytes).
    Removing ssd1306.o(.ARM.exidx.text.ssd1306_data), (8 bytes).
    Removing ssd1306.o(.ARM.exidx.text.ssd1306_update), (8 bytes).
    Removing ssd1306.o(.text.ssd1306_setfont), (12 bytes).
    Removing ssd1306.o(.ARM.exidx.text.ssd1306_setfont), (8 bytes).
    Removing ssd1306.o(.ARM.exidx.text.ssd1306_setorientation), (8 bytes).
    Removing ssd1306.o(.text.ssd1306_setinverse), (68 bytes).
    Removing ssd1306.o(.ARM.exidx.text.ssd1306_setinverse), (8 bytes).
    Removing ssd1306.o(.ARM.exidx.text.ssd1306_clearscreen), (8 bytes).
    Removing ssd1306.o(.text.ssd1306_setcontrast), (32 bytes).
    Removing ssd1306.o(.ARM.exidx.text.ssd1306_setcontrast), (8 bytes).
    Removing ssd1306.o(.text.ssd1306_goto), (24 bytes).
    Removing ssd1306.o(.ARM.exidx.text.ssd1306_goto), (8 bytes).
    Removing ssd1306.o(.text.ssd1306_setpixel), (48 bytes).
    Removing ssd1306.o(.ARM.exidx.text.ssd1306_setpixel), (8 bytes).
    Removing ssd1306.o(.ARM.exidx.text.ssd1306_putchar), (8 bytes).
    Removing ssd1306.o(.ARM.exidx.text.ssd1306_putstring), (8 bytes).
    Removing ssd1306.o(.text.ssd1306_terminal), (884 bytes).
    Removing ssd1306.o(.ARM.exidx.text.ssd1306_terminal), (8 bytes).
    Removing ssd1306.o(.text.ssd1306_drawline), (300 bytes).
    Removing ssd1306.o(.ARM.exidx.text.ssd1306_drawline), (8 bytes).
    Removing ssd1306.o(.ARM.exidx.text.ssd1306_drawbitmap), (8 bytes).
    Removing main.o(.text), (0 bytes).
    Removing main.o(.ARM.exidx.text.main), (8 bytes).
    Removing main.o(.ARM.use_no_argv), (4 bytes).
    Removing menu.o(.text), (0 bytes).
    Removing menu.o(.ARM.exidx.text.menu_init), (8 bytes).
    Removing menu.o(.ARM.exidx.text.menu_Update), (8 bytes).
    Removing menu.o(.ARM.exidx.text.menu_Level0), (8 bytes).
    Removing menu.o(.ARM.exidx.text.menu_Level1), (8 bytes).
    Removing menu.o(.ARM.exidx.text.menu_Level2), (8 bytes).
    Removing menu.o(.ARM.exidx.text.menu_Preset), (8 bytes).
    Removing switches.o(.text), (0 bytes).
    Removing switches.o(.ARM.exidx.text.sw_init), (8 bytes).
    Removing switches.o(.ARM.exidx.text.PORTA_IRQHandler), (8 bytes).
    Removing switches.o(.ARM.exidx.text.PORTD_IRQHandler), (8 bytes).
    Removing system_mkl25z4.o(.text), (0 bytes).
    Removing system_mkl25z4.o(.ARM.exidx.text.SystemInit), (8 bytes).
    Removing system_mkl25z4.o(.text.SystemCoreClockUpdate), (268 bytes).
    Removing system_mkl25z4.o(.ARM.exidx.text.SystemCoreClockUpdate), (8 bytes).
    Removing system_mkl25z4.o(.data.SystemCoreClock), (4 bytes).

58 unused section(s) (total 20844 bytes) removed from the image.

==============================================================================

Image Symbol Table

    Local Symbols

    Symbol Name                              Value     Ov Type        Size  Object(Section)

    ../clib/angel/boardlib.s                 0x00000000   Number         0  boardinit1.o ABSOLUTE
    ../clib/angel/boardlib.s                 0x00000000   Number         0  boardinit2.o ABSOLUTE
    ../clib/angel/boardlib.s                 0x00000000   Number         0  boardinit3.o ABSOLUTE
    ../clib/angel/boardlib.s                 0x00000000   Number         0  boardshut.o ABSOLUTE
    ../clib/angel/handlers.s                 0x00000000   Number         0  __scatter_copy.o ABSOLUTE
    ../clib/angel/handlers.s                 0x00000000   Number         0  __scatter_zi.o ABSOLUTE
    ../clib/angel/kernel.s                   0x00000000   Number         0  __rtentry.o ABSOLUTE
    ../clib/angel/kernel.s                   0x00000000   Number         0  __rtentry2.o ABSOLUTE
    ../clib/angel/kernel.s                   0x00000000   Number         0  __rtentry4.o ABSOLUTE
    ../clib/angel/kernel.s                   0x00000000   Number         0  rtexit.o ABSOLUTE
    ../clib/angel/kernel.s                   0x00000000   Number         0  rtexit2.o ABSOLUTE
    ../clib/angel/rt.s                       0x00000000   Number         0  aeabi_idiv0.o ABSOLUTE
    ../clib/angel/rt.s                       0x00000000   Number         0  aeabi_idiv0_sigfpe.o ABSOLUTE
    ../clib/angel/rt.s                       0x00000000   Number         0  rt_div0.o ABSOLUTE
    ../clib/angel/rt.s                       0x00000000   Number         0  rt_raise.o ABSOLUTE
    ../clib/angel/scatterp.s                 0x00000000   Number         0  __scatter.o ABSOLUTE
    ../clib/angel/startup.s                  0x00000000   Number         0  __main.o ABSOLUTE
    ../clib/angel/sys.s                      0x00000000   Number         0  sys_stackheap_outer.o ABSOLUTE
    ../clib/angel/sys.s                      0x00000000   Number         0  libspace.o ABSOLUTE
    ../clib/angel/sys.s                      0x00000000   Number         0  tempstk.o ABSOLUTE
    ../clib/angel/sys.s                      0x00000000   Number         0  use_no_semi.o ABSOLUTE
    ../clib/angel/sys.s                      0x00000000   Number         0  indicate_semi.o ABSOLUTE
    ../clib/angel/sysapp.c                   0x00000000   Number         0  sys_exit.o ABSOLUTE
    ../clib/angel/sysapp.c                   0x00000000   Number         0  sys_exit_hlt.o ABSOLUTE
    ../clib/angel/sysapp.c                   0x00000000   Number         0  sys_wrch.o ABSOLUTE
    ../clib/angel/sysapp.c                   0x00000000   Number         0  sys_wrch_hlt.o ABSOLUTE
    ../clib/angel/sysapp.c                   0x00000000   Number         0  sys_command.o ABSOLUTE
    ../clib/angel/sysapp.c                   0x00000000   Number         0  sys_command_hlt.o ABSOLUTE
    ../clib/armsys.c                         0x00000000   Number         0  argv_veneer.o ABSOLUTE
    ../clib/armsys.c                         0x00000000   Number         0  _get_argv_nomalloc.o ABSOLUTE
    ../clib/armsys.c                         0x00000000   Number         0  no_argv.o ABSOLUTE
    ../clib/division.c                       0x00000000   Number         0  rtudiv10.o ABSOLUTE
    ../clib/division.s                       0x00000000   Number         0  aeabi_sdivfast.o ABSOLUTE
    ../clib/division.s                       0x00000000   Number         0  aeabi_sdivfast_div0.o ABSOLUTE
    ../clib/heapalloc.c                      0x00000000   Number         0  hrguard.o ABSOLUTE
    ../clib/heapaux.c                        0x00000000   Number         0  heapauxi.o ABSOLUTE
    ../clib/libinit.s                        0x00000000   Number         0  libinit.o ABSOLUTE
    ../clib/libinit.s                        0x00000000   Number         0  libinit2.o ABSOLUTE
    ../clib/libinit.s                        0x00000000   Number         0  libshutdown.o ABSOLUTE
    ../clib/libinit.s                        0x00000000   Number         0  libshutdown2.o ABSOLUTE
    ../clib/memcpset.c                       0x00000000   Number         0  rt_memcpy.o ABSOLUTE
    ../clib/memcpset.c                       0x00000000   Number         0  rt_memcpy.o ABSOLUTE
    ../clib/memcpset.c                       0x00000000   Number         0  rt_memclr.o ABSOLUTE
    ../clib/printf.c                         0x00000000   Number         0  __2sprintf.o ABSOLUTE
    ../clib/printf.c                         0x00000000   Number         0  noretval__2sprintf.o ABSOLUTE
    ../clib/printf.c                         0x00000000   Number         0  __printf.o ABSOLUTE
    ../clib/printf.c                         0x00000000   Number         0  _printf_dec.o ABSOLUTE
    ../clib/printf.c                         0x00000000   Number         0  __printf_flags.o ABSOLUTE
    ../clib/printf.c                         0x00000000   Number         0  __printf_ss.o ABSOLUTE
    ../clib/printf.c                         0x00000000   Number         0  __printf_flags_ss.o ABSOLUTE
    ../clib/printf.c                         0x00000000   Number         0  __printf_wp.o ABSOLUTE
    ../clib/printf.c                         0x00000000   Number         0  __printf_flags_wp.o ABSOLUTE
    ../clib/printf.c                         0x00000000   Number         0  __printf_ss_wp.o ABSOLUTE
    ../clib/printf.c                         0x00000000   Number         0  __printf_flags_ss_wp.o ABSOLUTE
    ../clib/printf.c                         0x00000000   Number         0  _printf_intcommon.o ABSOLUTE
    ../clib/printf.c                         0x00000000   Number         0  _printf_char_common.o ABSOLUTE
    ../clib/printf.c                         0x00000000   Number         0  _sputc.o ABSOLUTE
    ../clib/printf.c                         0x00000000   Number         0  __printf_nopercent.o ABSOLUTE
    ../clib/printf_percent.s                 0x00000000   Number         0  _printf_d.o ABSOLUTE
    ../clib/printf_percent.s                 0x00000000   Number         0  _printf_percent.o ABSOLUTE
    ../clib/printf_percent.s                 0x00000000   Number         0  _printf_percent_end.o ABSOLUTE
    ../clib/signal.c                         0x00000000   Number         0  defsig_fpe_outer.o ABSOLUTE
    ../clib/signal.c                         0x00000000   Number         0  defsig_fpe_formal.o ABSOLUTE
    ../clib/signal.c                         0x00000000   Number         0  defsig_exit.o ABSOLUTE
    ../clib/signal.c                         0x00000000   Number         0  defsig_fpe_inner.o ABSOLUTE
    ../clib/signal.c                         0x00000000   Number         0  __raise.o ABSOLUTE
    ../clib/signal.c                         0x00000000   Number         0  defsig_general.o ABSOLUTE
    ../clib/signal.c                         0x00000000   Number         0  defsig_abrt_inner.o ABSOLUTE
    ../clib/signal.c                         0x00000000   Number         0  defsig_rtred_inner.o ABSOLUTE
    ../clib/signal.c                         0x00000000   Number         0  defsig_rtmem_inner.o ABSOLUTE
    ../clib/signal.c                         0x00000000   Number         0  defsig_rtmem_outer.o ABSOLUTE
    ../clib/signal.c                         0x00000000   Number         0  defsig_rtmem_formal.o ABSOLUTE
    ../clib/signal.c                         0x00000000   Number         0  defsig_stak_inner.o ABSOLUTE
    ../clib/signal.c                         0x00000000   Number         0  defsig_pvfn_inner.o ABSOLUTE
    ../clib/signal.c                         0x00000000   Number         0  defsig_cppl_inner.o ABSOLUTE
    ../clib/signal.c                         0x00000000   Number         0  defsig_segv_inner.o ABSOLUTE
    ../clib/signal.c                         0x00000000   Number         0  defsig_other.o ABSOLUTE
    ../clib/signal.s                         0x00000000   Number         0  defsig.o ABSOLUTE
    ../clib/stdlib.c                         0x00000000   Number         0  exit.o ABSOLUTE
    ../fplib/cfplib/fpinit.c                 0x00000000   Number         0  fpinit.o ABSOLUTE
    RTE/Device/MKL25Z128xxx4/startup_MKL25Z4.s 0x00000000   Number         0  startup_mkl25z4.o ABSOLUTE
    bitmaps.c                                0x00000000   Number         0  bitmaps.o ABSOLUTE
    dc.s                                     0x00000000   Number         0  dc.o ABSOLUTE
    delay.c                                  0x00000000   Number         0  delay.o ABSOLUTE
    fonts.c                                  0x00000000   Number         0  fonts.o ABSOLUTE
    i2c1.c                                   0x00000000   Number         0  i2c1.o ABSOLUTE
    main.c                                   0x00000000   Number         0  main.o ABSOLUTE
    menu.c                                   0x00000000   Number         0  menu.o ABSOLUTE
    ssd1306.c                                0x00000000   Number         0  ssd1306.o ABSOLUTE
    switches.c                               0x00000000   Number         0  switches.o ABSOLUTE
    system_MKL25Z4.c                         0x00000000   Number         0  system_mkl25z4.o ABSOLUTE
    RESET                                    0x00000000   Section      192  startup_mkl25z4.o(RESET)
    !!!main                                  0x000000c0   Section        8  __main.o(!!!main)
    !!!scatter                               0x000000c8   Section       60  __scatter.o(!!!scatter)
    !!handler_copy                           0x00000104   Section       26  __scatter_copy.o(!!handler_copy)
    !!handler_zi                             0x00000120   Section       28  __scatter_zi.o(!!handler_zi)
    .ARM.Collect$$_printf_percent$$00000000  0x0000013c   Section        2  _printf_percent.o(.ARM.Collect$$_printf_percent$$00000000)
    .ARM.Collect$$_printf_percent$$00000009  0x0000013e   Section       10  _printf_d.o(.ARM.Collect$$_printf_percent$$00000009)
    .ARM.Collect$$_printf_percent$$00000017  0x00000148   Section        4  _printf_percent_end.o(.ARM.Collect$$_printf_percent$$00000017)
    .ARM.Collect$$libinit$$00000000          0x0000014c   Section        2  libinit.o(.ARM.Collect$$libinit$$00000000)
    .ARM.Collect$$libinit$$00000002          0x0000014e   Section        0  libinit2.o(.ARM.Collect$$libinit$$00000002)
    .ARM.Collect$$libinit$$00000004          0x0000014e   Section        0  libinit2.o(.ARM.Collect$$libinit$$00000004)
    .ARM.Collect$$libinit$$00000006          0x0000014e   Section        0  libinit2.o(.ARM.Collect$$libinit$$00000006)
    .ARM.Collect$$libinit$$0000000C          0x0000014e   Section        0  libinit2.o(.ARM.Collect$$libinit$$0000000C)
    .ARM.Collect$$libinit$$0000000E          0x0000014e   Section        0  libinit2.o(.ARM.Collect$$libinit$$0000000E)
    .ARM.Collect$$libinit$$00000010          0x0000014e   Section        0  libinit2.o(.ARM.Collect$$libinit$$00000010)
    .ARM.Collect$$libinit$$00000013          0x0000014e   Section        0  libinit2.o(.ARM.Collect$$libinit$$00000013)
    .ARM.Collect$$libinit$$00000015          0x0000014e   Section        0  libinit2.o(.ARM.Collect$$libinit$$00000015)
    .ARM.Collect$$libinit$$00000017          0x0000014e   Section        0  libinit2.o(.ARM.Collect$$libinit$$00000017)
    .ARM.Collect$$libinit$$00000019          0x0000014e   Section        0  libinit2.o(.ARM.Collect$$libinit$$00000019)
    .ARM.Collect$$libinit$$0000001B          0x0000014e   Section        0  libinit2.o(.ARM.Collect$$libinit$$0000001B)
    .ARM.Collect$$libinit$$0000001D          0x0000014e   Section        0  libinit2.o(.ARM.Collect$$libinit$$0000001D)
    .ARM.Collect$$libinit$$0000001F          0x0000014e   Section        0  libinit2.o(.ARM.Collect$$libinit$$0000001F)
    .ARM.Collect$$libinit$$00000021          0x0000014e   Section        0  libinit2.o(.ARM.Collect$$libinit$$00000021)
    .ARM.Collect$$libinit$$00000023          0x0000014e   Section        0  libinit2.o(.ARM.Collect$$libinit$$00000023)
    .ARM.Collect$$libinit$$00000025          0x0000014e   Section        0  libinit2.o(.ARM.Collect$$libinit$$00000025)
    .ARM.Collect$$libinit$$00000027          0x0000014e   Section        0  libinit2.o(.ARM.Collect$$libinit$$00000027)
    .ARM.Collect$$libinit$$0000002E          0x0000014e   Section        0  libinit2.o(.ARM.Collect$$libinit$$0000002E)
    .ARM.Collect$$libinit$$00000030          0x0000014e   Section        0  libinit2.o(.ARM.Collect$$libinit$$00000030)
    .ARM.Collect$$libinit$$00000032          0x0000014e   Section        0  libinit2.o(.ARM.Collect$$libinit$$00000032)
    .ARM.Collect$$libinit$$00000034          0x0000014e   Section        0  libinit2.o(.ARM.Collect$$libinit$$00000034)
    .ARM.Collect$$libinit$$00000035          0x0000014e   Section        2  libinit2.o(.ARM.Collect$$libinit$$00000035)
    .ARM.Collect$$libshutdown$$00000000      0x00000150   Section        2  libshutdown.o(.ARM.Collect$$libshutdown$$00000000)
    .ARM.Collect$$libshutdown$$00000002      0x00000152   Section        0  libshutdown2.o(.ARM.Collect$$libshutdown$$00000002)
    .ARM.Collect$$libshutdown$$00000004      0x00000152   Section        0  libshutdown2.o(.ARM.Collect$$libshutdown$$00000004)
    .ARM.Collect$$libshutdown$$00000007      0x00000152   Section        0  libshutdown2.o(.ARM.Collect$$libshutdown$$00000007)
    .ARM.Collect$$libshutdown$$0000000A      0x00000152   Section        0  libshutdown2.o(.ARM.Collect$$libshutdown$$0000000A)
    .ARM.Collect$$libshutdown$$0000000C      0x00000152   Section        0  libshutdown2.o(.ARM.Collect$$libshutdown$$0000000C)
    .ARM.Collect$$libshutdown$$0000000F      0x00000152   Section        0  libshutdown2.o(.ARM.Collect$$libshutdown$$0000000F)
    .ARM.Collect$$libshutdown$$00000010      0x00000152   Section        2  libshutdown2.o(.ARM.Collect$$libshutdown$$00000010)
    .ARM.Collect$$rtentry$$00000000          0x00000154   Section        0  __rtentry.o(.ARM.Collect$$rtentry$$00000000)
    .ARM.Collect$$rtentry$$00000002          0x00000154   Section        0  __rtentry2.o(.ARM.Collect$$rtentry$$00000002)
    .ARM.Collect$$rtentry$$00000004          0x00000154   Section        6  __rtentry4.o(.ARM.Collect$$rtentry$$00000004)
    .ARM.Collect$$rtentry$$00000009          0x0000015a   Section        0  __rtentry2.o(.ARM.Collect$$rtentry$$00000009)
    .ARM.Collect$$rtentry$$0000000A          0x0000015a   Section        4  __rtentry2.o(.ARM.Collect$$rtentry$$0000000A)
    .ARM.Collect$$rtentry$$0000000C          0x0000015e   Section        0  __rtentry2.o(.ARM.Collect$$rtentry$$0000000C)
    .ARM.Collect$$rtentry$$0000000D          0x0000015e   Section        8  __rtentry2.o(.ARM.Collect$$rtentry$$0000000D)
    .ARM.Collect$$rtexit$$00000000           0x00000166   Section        2  rtexit.o(.ARM.Collect$$rtexit$$00000000)
    .ARM.Collect$$rtexit$$00000002           0x00000168   Section        0  rtexit2.o(.ARM.Collect$$rtexit$$00000002)
    .ARM.Collect$$rtexit$$00000003           0x00000168   Section        4  rtexit2.o(.ARM.Collect$$rtexit$$00000003)
    .ARM.Collect$$rtexit$$00000004           0x0000016c   Section        6  rtexit2.o(.ARM.Collect$$rtexit$$00000004)
    .emb_text                                0x00000174   Section       56  rt_memcpy.o(.emb_text)
    .text                                    0x000001ac   Section       64  startup_mkl25z4.o(.text)
    .text                                    0x000001ec   Section        0  noretval__2sprintf.o(.text)
    .text                                    0x00000214   Section        0  __printf.o(.text)
    .text                                    0x00000280   Section        0  _printf_dec.o(.text)
    .text                                    0x000002ec   Section        0  rt_memcpy.o(.text)
    .text                                    0x0000036e   Section        0  rt_memclr.o(.text)
    .text                                    0x000003ae   Section        0  heapauxi.o(.text)
    _printf_input_char                       0x000003b5   Thumb Code    10  _printf_char_common.o(.text)
    .text                                    0x000003b4   Section        0  _printf_char_common.o(.text)
    .text                                    0x000003e4   Section        0  _sputc.o(.text)
    .text                                    0x000003ee   Section        0  exit.o(.text)
    .text                                    0x000003fe   Section        2  use_no_semi.o(.text)
    .ARM.__at_0x400                          0x00000400   Section       16  startup_mkl25z4.o(.ARM.__at_0x400)
    .text                                    0x00000410   Section      504  aeabi_sdivfast.o(.text)
    .text                                    0x00000608   Section        0  _printf_intcommon.o(.text)
    .text                                    0x000006b8   Section        0  rtudiv10.o(.text)
    .text                                    0x000006e0   Section       62  sys_stackheap_outer.o(.text)
    .text                                    0x00000720   Section        8  libspace.o(.text)
    .text                                    0x00000728   Section        0  sys_exit.o(.text)
    [Anonymous Symbol]                       0x00000734   Section        0  switches.o(.text.PORTA_IRQHandler)
    .text                                    0x00000734   Section        0  indicate_semi.o(.text)
    __arm_cp.1_0                             0x00000798   Number         4  switches.o(.text.PORTA_IRQHandler)
    __arm_cp.1_1                             0x0000079c   Number         4  switches.o(.text.PORTA_IRQHandler)
    [Anonymous Symbol]                       0x000007a0   Section        0  switches.o(.text.PORTD_IRQHandler)
    __arm_cp.2_0                             0x000007bc   Number         4  switches.o(.text.PORTD_IRQHandler)
    __arm_cp.2_1                             0x000007c0   Number         4  switches.o(.text.PORTD_IRQHandler)
    __arm_cp.2_2                             0x000007c4   Number         4  switches.o(.text.PORTD_IRQHandler)
    [Anonymous Symbol]                       0x000007c8   Section        0  system_mkl25z4.o(.text.SystemInit)
    __arm_cp.0_0                             0x000008d4   Number         4  system_mkl25z4.o(.text.SystemInit)
    __arm_cp.0_1                             0x000008d8   Number         4  system_mkl25z4.o(.text.SystemInit)
    __arm_cp.0_2                             0x000008dc   Number         4  system_mkl25z4.o(.text.SystemInit)
    __arm_cp.0_3                             0x000008e0   Number         4  system_mkl25z4.o(.text.SystemInit)
    __arm_cp.0_4                             0x000008e4   Number         4  system_mkl25z4.o(.text.SystemInit)
    __arm_cp.0_5                             0x000008e8   Number         4  system_mkl25z4.o(.text.SystemInit)
    __arm_cp.0_6                             0x000008ec   Number         4  system_mkl25z4.o(.text.SystemInit)
    __arm_cp.0_7                             0x000008f0   Number         4  system_mkl25z4.o(.text.SystemInit)
    __arm_cp.0_8                             0x000008f4   Number         4  system_mkl25z4.o(.text.SystemInit)
    __arm_cp.0_9                             0x000008f8   Number         4  system_mkl25z4.o(.text.SystemInit)
    __arm_cp.0_10                            0x000008fc   Number         4  system_mkl25z4.o(.text.SystemInit)
    [Anonymous Symbol]                       0x00000900   Section        0  delay.o(.text.delay_us)
    [Anonymous Symbol]                       0x00000920   Section        0  i2c1.o(.text.i2c1_init)
    __arm_cp.0_0                             0x00000964   Number         4  i2c1.o(.text.i2c1_init)
    __arm_cp.0_1                             0x00000968   Number         4  i2c1.o(.text.i2c1_init)
    __arm_cp.0_2                             0x0000096c   Number         4  i2c1.o(.text.i2c1_init)
    [Anonymous Symbol]                       0x00000970   Section        0  i2c1.o(.text.i2c1_write_cmd)
    __arm_cp.1_0                             0x00000bac   Number         4  i2c1.o(.text.i2c1_write_cmd)
    __arm_cp.1_1                             0x00000bb0   Number         4  i2c1.o(.text.i2c1_write_cmd)
    [Anonymous Symbol]                       0x00000bb4   Section        0  i2c1.o(.text.i2c1_write_data)
    __arm_cp.2_0                             0x00000df4   Number         4  i2c1.o(.text.i2c1_write_data)
    __arm_cp.2_1                             0x00000df8   Number         4  i2c1.o(.text.i2c1_write_data)
    [Anonymous Symbol]                       0x00000dfc   Section        0  main.o(.text.main)
    [Anonymous Symbol]                       0x00000e0c   Section        0  menu.o(.text.menu_Level0)
    __arm_cp.2_6                             0x00000eec   Number         4  menu.o(.text.menu_Level0)
    __arm_cp.2_7                             0x00000ef0   Number         4  menu.o(.text.menu_Level0)
    __arm_cp.2_8                             0x00000ef4   Number         4  menu.o(.text.menu_Level0)
    __arm_cp.2_9                             0x00000ef8   Number         4  menu.o(.text.menu_Level0)
    __arm_cp.2_10                            0x00000efc   Number         4  menu.o(.text.menu_Level0)
    __arm_cp.2_11                            0x00000f00   Number         4  menu.o(.text.menu_Level0)
    __arm_cp.2_12                            0x00000f04   Number         4  menu.o(.text.menu_Level0)
    __arm_cp.2_13                            0x00000f08   Number         4  menu.o(.text.menu_Level0)
    __arm_cp.2_14                            0x00000f0c   Number         4  menu.o(.text.menu_Level0)
    __arm_cp.2_15                            0x00000f10   Number         4  menu.o(.text.menu_Level0)
    [Anonymous Symbol]                       0x00000f14   Section        0  menu.o(.text.menu_Level1)
    __arm_cp.3_6                             0x000010b0   Number         4  menu.o(.text.menu_Level1)
    __arm_cp.3_7                             0x000010b4   Number         4  menu.o(.text.menu_Level1)
    __arm_cp.3_8                             0x000010b8   Number         4  menu.o(.text.menu_Level1)
    __arm_cp.3_10                            0x000010bc   Number         4  menu.o(.text.menu_Level1)
    [Anonymous Symbol]                       0x000010c0   Section        0  menu.o(.text.menu_Level2)
    __arm_cp.4_0                             0x00001194   Number         4  menu.o(.text.menu_Level2)
    __arm_cp.4_1                             0x00001198   Number         4  menu.o(.text.menu_Level2)
    __arm_cp.4_2                             0x0000119c   Number         4  menu.o(.text.menu_Level2)
    __arm_cp.4_3                             0x000011a0   Number         4  menu.o(.text.menu_Level2)
    __arm_cp.4_4                             0x000011a4   Number         4  menu.o(.text.menu_Level2)
    __arm_cp.4_5                             0x000011a8   Number         4  menu.o(.text.menu_Level2)
    __arm_cp.4_6                             0x000011ac   Number         4  menu.o(.text.menu_Level2)
    __arm_cp.4_7                             0x000011b0   Number         4  menu.o(.text.menu_Level2)
    __arm_cp.4_9                             0x000011c4   Number         4  menu.o(.text.menu_Level2)
    __arm_cp.4_10                            0x000011c8   Number         4  menu.o(.text.menu_Level2)
    [Anonymous Symbol]                       0x000011cc   Section        0  menu.o(.text.menu_Preset)
    __arm_cp.5_0                             0x0000126c   Number         4  menu.o(.text.menu_Preset)
    __arm_cp.5_1                             0x00001270   Number         4  menu.o(.text.menu_Preset)
    __arm_cp.5_2                             0x00001274   Number         4  menu.o(.text.menu_Preset)
    __arm_cp.5_3                             0x00001278   Number         4  menu.o(.text.menu_Preset)
    __arm_cp.5_4                             0x0000127c   Number         4  menu.o(.text.menu_Preset)
    [Anonymous Symbol]                       0x000012b8   Section        0  menu.o(.text.menu_Update)
    __arm_cp.1_0                             0x000012dc   Number         4  menu.o(.text.menu_Update)
    [Anonymous Symbol]                       0x000012e0   Section        0  menu.o(.text.menu_init)
    __arm_cp.0_0                             0x0000135c   Number         4  menu.o(.text.menu_init)
    __arm_cp.0_1                             0x00001360   Number         4  menu.o(.text.menu_init)
    __arm_cp.0_2                             0x00001364   Number         4  menu.o(.text.menu_init)
    __arm_cp.0_3                             0x00001368   Number         4  menu.o(.text.menu_init)
    __arm_cp.0_4                             0x0000136c   Number         4  menu.o(.text.menu_init)
    __arm_cp.0_5                             0x00001370   Number         4  menu.o(.text.menu_init)
    __arm_cp.0_6                             0x00001374   Number         4  menu.o(.text.menu_init)
    __arm_cp.0_7                             0x00001378   Number         4  menu.o(.text.menu_init)
    __arm_cp.0_8                             0x0000137c   Number         4  menu.o(.text.menu_init)
    [Anonymous Symbol]                       0x00001380   Section        0  ssd1306.o(.text.ssd1306_clearscreen)
    [Anonymous Symbol]                       0x00001390   Section        0  ssd1306.o(.text.ssd1306_drawbitmap)
    [Anonymous Symbol]                       0x000013a0   Section        0  ssd1306.o(.text.ssd1306_init)
    __arm_cp.0_1                             0x000013bc   Number         4  ssd1306.o(.text.ssd1306_init)
    [Anonymous Symbol]                       0x000013c0   Section        0  ssd1306.o(.text.ssd1306_putchar)
    __arm_cp.11_0                            0x00001754   Number         4  ssd1306.o(.text.ssd1306_putchar)
    __arm_cp.11_2                            0x00001758   Number         4  ssd1306.o(.text.ssd1306_putchar)
    [Anonymous Symbol]                       0x0000175c   Section        0  ssd1306.o(.text.ssd1306_putstring)
    __arm_cp.12_0                            0x000017d8   Number         4  ssd1306.o(.text.ssd1306_putstring)
    __arm_cp.12_1                            0x000017dc   Number         4  ssd1306.o(.text.ssd1306_putstring)
    [Anonymous Symbol]                       0x000017e0   Section        0  ssd1306.o(.text.ssd1306_setorientation)
    __arm_cp.5_0                             0x00001834   Number         4  ssd1306.o(.text.ssd1306_setorientation)
    [Anonymous Symbol]                       0x00001838   Section        0  ssd1306.o(.text.ssd1306_update)
    __arm_cp.3_0                             0x00001888   Number         4  ssd1306.o(.text.ssd1306_update)
    __arm_cp.3_1                             0x0000188c   Number         4  ssd1306.o(.text.ssd1306_update)
    __arm_cp.3_2                             0x00001890   Number         4  ssd1306.o(.text.ssd1306_update)
    [Anonymous Symbol]                       0x00001894   Section        0  switches.o(.text.sw_init)
    __arm_cp.0_0                             0x000018f4   Number         4  switches.o(.text.sw_init)
    __arm_cp.0_1                             0x000018f8   Number         4  switches.o(.text.sw_init)
    __arm_cp.0_2                             0x000018fc   Number         4  switches.o(.text.sw_init)
    __arm_cp.0_3                             0x00001900   Number         4  switches.o(.text.sw_init)
    __arm_cp.0_4                             0x00001904   Number         4  switches.o(.text.sw_init)
    __arm_cp.0_5                             0x00001908   Number         4  switches.o(.text.sw_init)
    __arm_cp.0_6                             0x0000190c   Number         4  switches.o(.text.sw_init)
    __arm_cp.0_7                             0x00001910   Number         4  switches.o(.text.sw_init)
    __arm_cp.0_8                             0x00001914   Number         4  switches.o(.text.sw_init)
    __arm_cp.0_9                             0x00001918   Number         4  switches.o(.text.sw_init)
    [Anonymous Symbol]                       0x00004a6b   Section        0  menu.o(.rodata.str1.1)
    .bss                                     0x1ffff008   Section       96  libspace.o(.bss)
    [Anonymous Symbol]                       0x1ffff068   Section        0  ssd1306.o(.bss..L_MergedGlobals)
    [Anonymous Symbol]                       0x1ffff06c   Section        0  menu.o(.bss..L_MergedGlobals)
    [Anonymous Symbol]                       0x1ffff0ac   Section        0  switches.o(.bss..L_MergedGlobals)
    Heap_Mem                                 0x1ffff4b8   Data           0  startup_mkl25z4.o(HEAP)
    Stack_Mem                                0x1ffff4b8   Data         256  startup_mkl25z4.o(STACK)
    HEAP                                     0x1ffff4b8   Section        0  startup_mkl25z4.o(HEAP)
    STACK                                    0x1ffff4b8   Section      256  startup_mkl25z4.o(STACK)
    __initial_sp                             0x1ffff5b8   Data           0  startup_mkl25z4.o(STACK)

    Global Symbols

    Symbol Name                              Value     Ov Type        Size  Object(Section)

    BuildAttributes$$THM_ISAv3M$S$PE$A:L22$X:L11$S22$IEEE1$IW$~IW$USESV6$~STKCKD$USESV7$~SHL$OTIME$ROPI$EBA8$UX$STANDARDLIB$REQ8$PRES8$EABIv2 0x00000000   Number         0  anon$$obj.o ABSOLUTE
    __Vectors                                0x00000000   Data           4  startup_mkl25z4.o(RESET)
    __ARM_exceptions_init                     - Undefined Weak Reference
    __alloca_initialize                       - Undefined Weak Reference
    __arm_preinit_                            - Undefined Weak Reference
    __arm_relocate_pie_                       - Undefined Weak Reference
    __cpp_initialize__aeabi_                  - Undefined Weak Reference
    __cxa_finalize                            - Undefined Weak Reference
    __rt_locale                               - Undefined Weak Reference
    __sigvec_lookup                           - Undefined Weak Reference
    _atexit_init                              - Undefined Weak Reference
    _call_atexit_fns                          - Undefined Weak Reference
    _clock_init                               - Undefined Weak Reference
    _fp_trap_init                             - Undefined Weak Reference
    _fp_trap_shutdown                         - Undefined Weak Reference
    _get_lc_collate                           - Undefined Weak Reference
    _get_lc_ctype                             - Undefined Weak Reference
    _get_lc_monetary                          - Undefined Weak Reference
    _get_lc_numeric                           - Undefined Weak Reference
    _get_lc_time                              - Undefined Weak Reference
    _getenv_init                              - Undefined Weak Reference
    _handle_redirection                       - Undefined Weak Reference
    _init_alloc                               - Undefined Weak Reference
    _init_user_alloc                          - Undefined Weak Reference
    _initio                                   - Undefined Weak Reference
    _printf_post_padding                      - Undefined Weak Reference
    _printf_pre_padding                       - Undefined Weak Reference
    _printf_truncate_signed                   - Undefined Weak Reference
    _printf_truncate_unsigned                 - Undefined Weak Reference
    _rand_init                                - Undefined Weak Reference
    _signal_finish                            - Undefined Weak Reference
    _signal_init                              - Undefined Weak Reference
    _terminate_alloc                          - Undefined Weak Reference
    _terminate_user_alloc                     - Undefined Weak Reference
    _terminateio                              - Undefined Weak Reference
    __Vectors_End                            0x000000c0   Data           0  startup_mkl25z4.o(RESET)
    __Vectors_Size                           0x000000c0   Number         0  startup_mkl25z4.o ABSOLUTE
    __main                                   0x000000c1   Thumb Code     8  __main.o(!!!main)
    __scatterload                            0x000000c9   Thumb Code     0  __scatter.o(!!!scatter)
    __scatterload_rt2                        0x000000c9   Thumb Code    52  __scatter.o(!!!scatter)
    __scatterload_rt2_thumb_only             0x000000c9   Thumb Code     0  __scatter.o(!!!scatter)
    __scatterload_null                       0x000000d9   Thumb Code     0  __scatter.o(!!!scatter)
    __scatterload_copy                       0x00000105   Thumb Code    26  __scatter_copy.o(!!handler_copy)
    __scatterload_zeroinit                   0x00000121   Thumb Code    28  __scatter_zi.o(!!handler_zi)
    _printf_percent                          0x0000013d   Thumb Code     0  _printf_percent.o(.ARM.Collect$$_printf_percent$$00000000)
    _printf_d                                0x0000013f   Thumb Code     0  _printf_d.o(.ARM.Collect$$_printf_percent$$00000009)
    _printf_percent_end                      0x00000149   Thumb Code     0  _printf_percent_end.o(.ARM.Collect$$_printf_percent$$00000017)
    __rt_lib_init                            0x0000014d   Thumb Code     0  libinit.o(.ARM.Collect$$libinit$$00000000)
    __rt_lib_init_alloca_1                   0x0000014f   Thumb Code     0  libinit2.o(.ARM.Collect$$libinit$$00000030)
    __rt_lib_init_argv_1                     0x0000014f   Thumb Code     0  libinit2.o(.ARM.Collect$$libinit$$0000002E)
    __rt_lib_init_atexit_1                   0x0000014f   Thumb Code     0  libinit2.o(.ARM.Collect$$libinit$$0000001D)
    __rt_lib_init_clock_1                    0x0000014f   Thumb Code     0  libinit2.o(.ARM.Collect$$libinit$$00000023)
    __rt_lib_init_cpp_1                      0x0000014f   Thumb Code     0  libinit2.o(.ARM.Collect$$libinit$$00000034)
    __rt_lib_init_exceptions_1               0x0000014f   Thumb Code     0  libinit2.o(.ARM.Collect$$libinit$$00000032)
    __rt_lib_init_fp_1                       0x0000014f   Thumb Code     0  libinit2.o(.ARM.Collect$$libinit$$00000002)
    __rt_lib_init_fp_trap_1                  0x0000014f   Thumb Code     0  libinit2.o(.ARM.Collect$$libinit$$00000021)
    __rt_lib_init_getenv_1                   0x0000014f   Thumb Code     0  libinit2.o(.ARM.Collect$$libinit$$00000025)
    __rt_lib_init_heap_1                     0x0000014f   Thumb Code     0  libinit2.o(.ARM.Collect$$libinit$$0000000C)
    __rt_lib_init_lc_collate_1               0x0000014f   Thumb Code     0  libinit2.o(.ARM.Collect$$libinit$$00000013)
    __rt_lib_init_lc_ctype_1                 0x0000014f   Thumb Code     0  libinit2.o(.ARM.Collect$$libinit$$00000015)
    __rt_lib_init_lc_monetary_1              0x0000014f   Thumb Code     0  libinit2.o(.ARM.Collect$$libinit$$00000017)
    __rt_lib_init_lc_numeric_1               0x0000014f   Thumb Code     0  libinit2.o(.ARM.Collect$$libinit$$00000019)
    __rt_lib_init_lc_time_1                  0x0000014f   Thumb Code     0  libinit2.o(.ARM.Collect$$libinit$$0000001B)
    __rt_lib_init_preinit_1                  0x0000014f   Thumb Code     0  libinit2.o(.ARM.Collect$$libinit$$00000006)
    __rt_lib_init_rand_1                     0x0000014f   Thumb Code     0  libinit2.o(.ARM.Collect$$libinit$$00000010)
    __rt_lib_init_relocate_pie_1             0x0000014f   Thumb Code     0  libinit2.o(.ARM.Collect$$libinit$$00000004)
    __rt_lib_init_return                     0x0000014f   Thumb Code     0  libinit2.o(.ARM.Collect$$libinit$$00000035)
    __rt_lib_init_signal_1                   0x0000014f   Thumb Code     0  libinit2.o(.ARM.Collect$$libinit$$0000001F)
    __rt_lib_init_stdio_1                    0x0000014f   Thumb Code     0  libinit2.o(.ARM.Collect$$libinit$$00000027)
    __rt_lib_init_user_alloc_1               0x0000014f   Thumb Code     0  libinit2.o(.ARM.Collect$$libinit$$0000000E)
    __rt_lib_shutdown                        0x00000151   Thumb Code     0  libshutdown.o(.ARM.Collect$$libshutdown$$00000000)
    __rt_lib_shutdown_cpp_1                  0x00000153   Thumb Code     0  libshutdown2.o(.ARM.Collect$$libshutdown$$00000002)
    __rt_lib_shutdown_fp_trap_1              0x00000153   Thumb Code     0  libshutdown2.o(.ARM.Collect$$libshutdown$$00000007)
    __rt_lib_shutdown_heap_1                 0x00000153   Thumb Code     0  libshutdown2.o(.ARM.Collect$$libshutdown$$0000000F)
    __rt_lib_shutdown_return                 0x00000153   Thumb Code     0  libshutdown2.o(.ARM.Collect$$libshutdown$$00000010)
    __rt_lib_shutdown_signal_1               0x00000153   Thumb Code     0  libshutdown2.o(.ARM.Collect$$libshutdown$$0000000A)
    __rt_lib_shutdown_stdio_1                0x00000153   Thumb Code     0  libshutdown2.o(.ARM.Collect$$libshutdown$$00000004)
    __rt_lib_shutdown_user_alloc_1           0x00000153   Thumb Code     0  libshutdown2.o(.ARM.Collect$$libshutdown$$0000000C)
    __rt_entry                               0x00000155   Thumb Code     0  __rtentry.o(.ARM.Collect$$rtentry$$00000000)
    __rt_entry_presh_1                       0x00000155   Thumb Code     0  __rtentry2.o(.ARM.Collect$$rtentry$$00000002)
    __rt_entry_sh                            0x00000155   Thumb Code     0  __rtentry4.o(.ARM.Collect$$rtentry$$00000004)
    __rt_entry_li                            0x0000015b   Thumb Code     0  __rtentry2.o(.ARM.Collect$$rtentry$$0000000A)
    __rt_entry_postsh_1                      0x0000015b   Thumb Code     0  __rtentry2.o(.ARM.Collect$$rtentry$$00000009)
    __rt_entry_main                          0x0000015f   Thumb Code     0  __rtentry2.o(.ARM.Collect$$rtentry$$0000000D)
    __rt_entry_postli_1                      0x0000015f   Thumb Code     0  __rtentry2.o(.ARM.Collect$$rtentry$$0000000C)
    __rt_exit                                0x00000167   Thumb Code     0  rtexit.o(.ARM.Collect$$rtexit$$00000000)
    __rt_exit_ls                             0x00000169   Thumb Code     0  rtexit2.o(.ARM.Collect$$rtexit$$00000003)
    __rt_exit_prels_1                        0x00000169   Thumb Code     0  rtexit2.o(.ARM.Collect$$rtexit$$00000002)
    __rt_exit_exit                           0x0000016d   Thumb Code     0  rtexit2.o(.ARM.Collect$$rtexit$$00000004)
    __aeabi_memcpy4                          0x00000175   Thumb Code    56  rt_memcpy.o(.emb_text)
    __aeabi_memcpy8                          0x00000175   Thumb Code     0  rt_memcpy.o(.emb_text)
    Reset_Handler                            0x000001ad   Thumb Code    12  startup_mkl25z4.o(.text)
    NMI_Handler                              0x000001b9   Thumb Code     2  startup_mkl25z4.o(.text)
    HardFault_Handler                        0x000001bb   Thumb Code     2  startup_mkl25z4.o(.text)
    SVC_Handler                              0x000001bd   Thumb Code     2  startup_mkl25z4.o(.text)
    PendSV_Handler                           0x000001bf   Thumb Code     2  startup_mkl25z4.o(.text)
    SysTick_Handler                          0x000001c1   Thumb Code     2  startup_mkl25z4.o(.text)
    ADC0_IRQHandler                          0x000001c3   Thumb Code     0  startup_mkl25z4.o(.text)
    CMP0_IRQHandler                          0x000001c3   Thumb Code     0  startup_mkl25z4.o(.text)
    DAC0_IRQHandler                          0x000001c3   Thumb Code     0  startup_mkl25z4.o(.text)
    DMA0_IRQHandler                          0x000001c3   Thumb Code     0  startup_mkl25z4.o(.text)
    DMA1_IRQHandler                          0x000001c3   Thumb Code     0  startup_mkl25z4.o(.text)
    DMA2_IRQHandler                          0x000001c3   Thumb Code     0  startup_mkl25z4.o(.text)
    DMA3_IRQHandler                          0x000001c3   Thumb Code     0  startup_mkl25z4.o(.text)
    DefaultISR                               0x000001c3   Thumb Code     0  startup_mkl25z4.o(.text)
    FTFA_IRQHandler                          0x000001c3   Thumb Code     0  startup_mkl25z4.o(.text)
    I2C0_IRQHandler                          0x000001c3   Thumb Code     0  startup_mkl25z4.o(.text)
    I2C1_IRQHandler                          0x000001c3   Thumb Code     0  startup_mkl25z4.o(.text)
    LLWU_IRQHandler                          0x000001c3   Thumb Code     0  startup_mkl25z4.o(.text)
    LPTMR0_IRQHandler                        0x000001c3   Thumb Code     0  startup_mkl25z4.o(.text)
    LVD_LVW_IRQHandler                       0x000001c3   Thumb Code     0  startup_mkl25z4.o(.text)
    MCG_IRQHandler                           0x000001c3   Thumb Code     0  startup_mkl25z4.o(.text)
    PIT_IRQHandler                           0x000001c3   Thumb Code     0  startup_mkl25z4.o(.text)
    RTC_IRQHandler                           0x000001c3   Thumb Code     0  startup_mkl25z4.o(.text)
    RTC_Seconds_IRQHandler                   0x000001c3   Thumb Code     0  startup_mkl25z4.o(.text)
    Reserved20_IRQHandler                    0x000001c3   Thumb Code     0  startup_mkl25z4.o(.text)
    Reserved39_IRQHandler                    0x000001c3   Thumb Code     0  startup_mkl25z4.o(.text)
    Reserved45_IRQHandler                    0x000001c3   Thumb Code     0  startup_mkl25z4.o(.text)
    SPI0_IRQHandler                          0x000001c3   Thumb Code     0  startup_mkl25z4.o(.text)
    SPI1_IRQHandler                          0x000001c3   Thumb Code     0  startup_mkl25z4.o(.text)
    TPM0_IRQHandler                          0x000001c3   Thumb Code     0  startup_mkl25z4.o(.text)
    TPM1_IRQHandler                          0x000001c3   Thumb Code     0  startup_mkl25z4.o(.text)
    TPM2_IRQHandler                          0x000001c3   Thumb Code     0  startup_mkl25z4.o(.text)
    TSI0_IRQHandler                          0x000001c3   Thumb Code     0  startup_mkl25z4.o(.text)
    UART0_IRQHandler                         0x000001c3   Thumb Code     0  startup_mkl25z4.o(.text)
    UART1_IRQHandler                         0x000001c3   Thumb Code     0  startup_mkl25z4.o(.text)
    UART2_IRQHandler                         0x000001c3   Thumb Code     0  startup_mkl25z4.o(.text)
    USB0_IRQHandler                          0x000001c3   Thumb Code     0  startup_mkl25z4.o(.text)
    __user_initial_stackheap                 0x000001c9   Thumb Code     0  startup_mkl25z4.o(.text)
    __2sprintf                               0x000001ed   Thumb Code    36  noretval__2sprintf.o(.text)
    __printf                                 0x00000215   Thumb Code   108  __printf.o(.text)
    _printf_int_dec                          0x00000281   Thumb Code    90  _printf_dec.o(.text)
    __aeabi_memcpy                           0x000002ed   Thumb Code   130  rt_memcpy.o(.text)
    __rt_memcpy                              0x000002ed   Thumb Code     0  rt_memcpy.o(.text)
    _memset_w                                0x0000036f   Thumb Code    26  rt_memclr.o(.text)
    _memset                                  0x00000389   Thumb Code    30  rt_memclr.o(.text)
    __aeabi_memclr                           0x000003a7   Thumb Code     4  rt_memclr.o(.text)
    __rt_memclr                              0x000003a7   Thumb Code     0  rt_memclr.o(.text)
    __aeabi_memclr4                          0x000003ab   Thumb Code     0  rt_memclr.o(.text)
    __aeabi_memclr8                          0x000003ab   Thumb Code     0  rt_memclr.o(.text)
    __rt_memclr_w                            0x000003ab   Thumb Code     4  rt_memclr.o(.text)
    __use_two_region_memory                  0x000003af   Thumb Code     2  heapauxi.o(.text)
    __rt_heap_escrow$2region                 0x000003b1   Thumb Code     2  heapauxi.o(.text)
    __rt_heap_expand$2region                 0x000003b3   Thumb Code     2  heapauxi.o(.text)
    _printf_char_common                      0x000003bf   Thumb Code    32  _printf_char_common.o(.text)
    _sputc                                   0x000003e5   Thumb Code    10  _sputc.o(.text)
    exit                                     0x000003ef   Thumb Code    16  exit.o(.text)
    __I$use$semihosting                      0x000003ff   Thumb Code     0  use_no_semi.o(.text)
    __use_no_semihosting_swi                 0x000003ff   Thumb Code     2  use_no_semi.o(.text)
    __aeabi_uidivmod                         0x00000411   Thumb Code    28  aeabi_sdivfast.o(.text)
    __aeabi_idivmod                          0x0000042d   Thumb Code   472  aeabi_sdivfast.o(.text)
    _printf_int_common                       0x00000609   Thumb Code   176  _printf_intcommon.o(.text)
    __rt_udiv10                              0x000006b9   Thumb Code    40  rtudiv10.o(.text)
    __user_setup_stackheap                   0x000006e1   Thumb Code    62  sys_stackheap_outer.o(.text)
    __user_libspace                          0x00000721   Thumb Code     8  libspace.o(.text)
    __user_perproc_libspace                  0x00000721   Thumb Code     0  libspace.o(.text)
    __user_perthread_libspace                0x00000721   Thumb Code     0  libspace.o(.text)
    _sys_exit                                0x00000729   Thumb Code     8  sys_exit.o(.text)
    PORTA_IRQHandler                         0x00000735   Thumb Code   100  switches.o(.text.PORTA_IRQHandler)
    __semihosting_library_function           0x00000735   Thumb Code     0  indicate_semi.o(.text)
    PORTD_IRQHandler                         0x000007a1   Thumb Code    28  switches.o(.text.PORTD_IRQHandler)
    SystemInit                               0x000007c9   Thumb Code   268  system_mkl25z4.o(.text.SystemInit)
    delay_us                                 0x00000901   Thumb Code    32  delay.o(.text.delay_us)
    i2c1_init                                0x00000921   Thumb Code    68  i2c1.o(.text.i2c1_init)
    i2c1_write_cmd                           0x00000971   Thumb Code   572  i2c1.o(.text.i2c1_write_cmd)
    i2c1_write_data                          0x00000bb5   Thumb Code   576  i2c1.o(.text.i2c1_write_data)
    main                                     0x00000dfd   Thumb Code    14  main.o(.text.main)
    menu_Level0                              0x00000e0d   Thumb Code   224  menu.o(.text.menu_Level0)
    menu_Level1                              0x00000f15   Thumb Code   412  menu.o(.text.menu_Level1)
    menu_Level2                              0x000010c1   Thumb Code   212  menu.o(.text.menu_Level2)
    menu_Preset                              0x000011cd   Thumb Code   160  menu.o(.text.menu_Preset)
    menu_Update                              0x000012b9   Thumb Code    36  menu.o(.text.menu_Update)
    menu_init                                0x000012e1   Thumb Code   124  menu.o(.text.menu_init)
    ssd1306_clearscreen                      0x00001381   Thumb Code    16  ssd1306.o(.text.ssd1306_clearscreen)
    ssd1306_drawbitmap                       0x00001391   Thumb Code    16  ssd1306.o(.text.ssd1306_drawbitmap)
    ssd1306_init                             0x000013a1   Thumb Code    28  ssd1306.o(.text.ssd1306_init)
    ssd1306_putchar                          0x000013c1   Thumb Code   916  ssd1306.o(.text.ssd1306_putchar)
    ssd1306_putstring                        0x0000175d   Thumb Code   124  ssd1306.o(.text.ssd1306_putstring)
    ssd1306_setorientation                   0x000017e1   Thumb Code    84  ssd1306.o(.text.ssd1306_setorientation)
    ssd1306_update                           0x00001839   Thumb Code    80  ssd1306.o(.text.ssd1306_update)
    sw_init                                  0x00001895   Thumb Code    96  switches.o(.text.sw_init)
    Monospaced_plain_10                      0x0000191c   Data        3378  fonts.o(.rodata.Monospaced_plain_10)
    arrow_bottemSelect                       0x0000264e   Data        1024  bitmaps.o(.rodata.arrow_bottemSelect)
    arrow_select1                            0x00002a4e   Data        1024  bitmaps.o(.rodata.arrow_select1)
    arrow_select2                            0x00002e4e   Data        1024  bitmaps.o(.rodata.arrow_select2)
    arrow_select3                            0x0000324e   Data        1024  bitmaps.o(.rodata.arrow_select3)
    arrow_select4                            0x0000364e   Data        1024  bitmaps.o(.rodata.arrow_select4)
    arrow_select5                            0x00003a4e   Data        1024  bitmaps.o(.rodata.arrow_select5)
    arrow_single                             0x00003e4e   Data        1024  bitmaps.o(.rodata.arrow_single)
    arrow_topSelect                          0x0000424e   Data        1024  bitmaps.o(.rodata.arrow_topSelect)
    logo                                     0x0000464e   Data        1024  bitmaps.o(.rodata.logo)
    ssd1306_init_commands                    0x00004a4e   Data          29  ssd1306.o(.rodata.ssd1306_init_commands)
    Region$$Table$$Base                      0x00004ad0   Number         0  anon$$obj.o(Region$$Table)
    Region$$Table$$Limit                     0x00004af0   Number         0  anon$$obj.o(Region$$Table)
    changeValue                              0x1ffff000   Data           4  menu.o(.data.changeValue)
    font                                     0x1ffff004   Data           4  ssd1306.o(.data.font)
    __libspace_start                         0x1ffff008   Data          96  libspace.o(.bss)
    __temporary_stack_top$libspace           0x1ffff068   Data           0  libspace.o(.bss)
    x                                        0x1ffff068   Data           1  ssd1306.o(.bss..L_MergedGlobals)
    y                                        0x1ffff069   Data           1  ssd1306.o(.bss..L_MergedGlobals)
    wentBack1                                0x1ffff06c   Data           1  menu.o(.bss..L_MergedGlobals)
    vert_cursor1                             0x1ffff070   Data           4  menu.o(.bss..L_MergedGlobals)
    vert_cursor2                             0x1ffff074   Data           4  menu.o(.bss..L_MergedGlobals)
    vert_cursor3                             0x1ffff078   Data           4  menu.o(.bss..L_MergedGlobals)
    cursor_Check                             0x1ffff07c   Data           4  menu.o(.bss..L_MergedGlobals)
    humidity_Current                         0x1ffff080   Data           4  menu.o(.bss..L_MergedGlobals)
    temperature_Current                      0x1ffff084   Data           4  menu.o(.bss..L_MergedGlobals)
    soil_Moisture_Current                    0x1ffff088   Data           4  menu.o(.bss..L_MergedGlobals)
    illumination_Current                     0x1ffff08c   Data           4  menu.o(.bss..L_MergedGlobals)
    humidity_Target                          0x1ffff090   Data           4  menu.o(.bss..L_MergedGlobals)
    temperature_Target                       0x1ffff094   Data           4  menu.o(.bss..L_MergedGlobals)
    soil_Moisture_Target                     0x1ffff098   Data           4  menu.o(.bss..L_MergedGlobals)
    illumination_Target                      0x1ffff09c   Data           4  menu.o(.bss..L_MergedGlobals)
    menu_Level                               0x1ffff0a0   Data           4  menu.o(.bss..L_MergedGlobals)
    minValue                                 0x1ffff0a4   Data           4  menu.o(.bss..L_MergedGlobals)
    maxValue                                 0x1ffff0a8   Data           4  menu.o(.bss..L_MergedGlobals)
    sw1_pressed_flag                         0x1ffff0ac   Data           1  switches.o(.bss..L_MergedGlobals)
    sw2_pressed_flag                         0x1ffff0ad   Data           1  switches.o(.bss..L_MergedGlobals)
    sw4_pressed_flag                         0x1ffff0ae   Data           1  switches.o(.bss..L_MergedGlobals)
    sw5_pressed_flag                         0x1ffff0af   Data           1  switches.o(.bss..L_MergedGlobals)
    ssd1306_framebuffer                      0x1ffff0b0   Data        1024  ssd1306.o(.bss.ssd1306_framebuffer)
    sw3_pressed_flag                         0x1ffff4b0   Data           1  switches.o(.bss.sw3_pressed_flag)



==============================================================================

Memory Map of the image

  Image Entry point : 0x000000c1

  Load Region LR_IROM1 (Base: 0x00000000, Size: 0x00004af8, Max: 0x00020000, ABSOLUTE)

    Execution Region ER_IROM1 (Exec base: 0x00000000, Load base: 0x00000000, Size: 0x00004af0, Max: 0x00020000, ABSOLUTE)

    Exec Addr    Load Addr    Size         Type   Attr      Idx    E Section Name        Object

    0x00000000   0x00000000   0x000000c0   Data   RO          142    RESET               startup_mkl25z4.o
    0x000000c0   0x000000c0   0x00000008   Code   RO          213  * !!!main             c_p.l(__main.o)
    0x000000c8   0x000000c8   0x0000003c   Code   RO          401    !!!scatter          c_p.l(__scatter.o)
    0x00000104   0x00000104   0x0000001a   Code   RO          403    !!handler_copy      c_p.l(__scatter_copy.o)
    0x0000011e   0x0000011e   0x00000002   PAD
    0x00000120   0x00000120   0x0000001c   Code   RO          405    !!handler_zi        c_p.l(__scatter_zi.o)
    0x0000013c   0x0000013c   0x00000002   Code   RO          196    .ARM.Collect$$_printf_percent$$00000000  c_p.l(_printf_percent.o)
    0x0000013e   0x0000013e   0x0000000a   Code   RO          195    .ARM.Collect$$_printf_percent$$00000009  c_p.l(_printf_d.o)
    0x00000148   0x00000148   0x00000004   Code   RO          226    .ARM.Collect$$_printf_percent$$00000017  c_p.l(_printf_percent_end.o)
    0x0000014c   0x0000014c   0x00000002   Code   RO          262    .ARM.Collect$$libinit$$00000000  c_p.l(libinit.o)
    0x0000014e   0x0000014e   0x00000000   Code   RO          276    .ARM.Collect$$libinit$$00000002  c_p.l(libinit2.o)
    0x0000014e   0x0000014e   0x00000000   Code   RO          278    .ARM.Collect$$libinit$$00000004  c_p.l(libinit2.o)
    0x0000014e   0x0000014e   0x00000000   Code   RO          280    .ARM.Collect$$libinit$$00000006  c_p.l(libinit2.o)
    0x0000014e   0x0000014e   0x00000000   Code   RO          283    .ARM.Collect$$libinit$$0000000C  c_p.l(libinit2.o)
    0x0000014e   0x0000014e   0x00000000   Code   RO          285    .ARM.Collect$$libinit$$0000000E  c_p.l(libinit2.o)
    0x0000014e   0x0000014e   0x00000000   Code   RO          287    .ARM.Collect$$libinit$$00000010  c_p.l(libinit2.o)
    0x0000014e   0x0000014e   0x00000000   Code   RO          290    .ARM.Collect$$libinit$$00000013  c_p.l(libinit2.o)
    0x0000014e   0x0000014e   0x00000000   Code   RO          292    .ARM.Collect$$libinit$$00000015  c_p.l(libinit2.o)
    0x0000014e   0x0000014e   0x00000000   Code   RO          294    .ARM.Collect$$libinit$$00000017  c_p.l(libinit2.o)
    0x0000014e   0x0000014e   0x00000000   Code   RO          296    .ARM.Collect$$libinit$$00000019  c_p.l(libinit2.o)
    0x0000014e   0x0000014e   0x00000000   Code   RO          298    .ARM.Collect$$libinit$$0000001B  c_p.l(libinit2.o)
    0x0000014e   0x0000014e   0x00000000   Code   RO          300    .ARM.Collect$$libinit$$0000001D  c_p.l(libinit2.o)
    0x0000014e   0x0000014e   0x00000000   Code   RO          302    .ARM.Collect$$libinit$$0000001F  c_p.l(libinit2.o)
    0x0000014e   0x0000014e   0x00000000   Code   RO          304    .ARM.Collect$$libinit$$00000021  c_p.l(libinit2.o)
    0x0000014e   0x0000014e   0x00000000   Code   RO          306    .ARM.Collect$$libinit$$00000023  c_p.l(libinit2.o)
    0x0000014e   0x0000014e   0x00000000   Code   RO          308    .ARM.Collect$$libinit$$00000025  c_p.l(libinit2.o)
    0x0000014e   0x0000014e   0x00000000   Code   RO          310    .ARM.Collect$$libinit$$00000027  c_p.l(libinit2.o)
    0x0000014e   0x0000014e   0x00000000   Code   RO          314    .ARM.Collect$$libinit$$0000002E  c_p.l(libinit2.o)
    0x0000014e   0x0000014e   0x00000000   Code   RO          316    .ARM.Collect$$libinit$$00000030  c_p.l(libinit2.o)
    0x0000014e   0x0000014e   0x00000000   Code   RO          318    .ARM.Collect$$libinit$$00000032  c_p.l(libinit2.o)
    0x0000014e   0x0000014e   0x00000000   Code   RO          320    .ARM.Collect$$libinit$$00000034  c_p.l(libinit2.o)
    0x0000014e   0x0000014e   0x00000002   Code   RO          321    .ARM.Collect$$libinit$$00000035  c_p.l(libinit2.o)
    0x00000150   0x00000150   0x00000002   Code   RO          356    .ARM.Collect$$libshutdown$$00000000  c_p.l(libshutdown.o)
    0x00000152   0x00000152   0x00000000   Code   RO          384    .ARM.Collect$$libshutdown$$00000002  c_p.l(libshutdown2.o)
    0x00000152   0x00000152   0x00000000   Code   RO          386    .ARM.Collect$$libshutdown$$00000004  c_p.l(libshutdown2.o)
    0x00000152   0x00000152   0x00000000   Code   RO          389    .ARM.Collect$$libshutdown$$00000007  c_p.l(libshutdown2.o)
    0x00000152   0x00000152   0x00000000   Code   RO          392    .ARM.Collect$$libshutdown$$0000000A  c_p.l(libshutdown2.o)
    0x00000152   0x00000152   0x00000000   Code   RO          394    .ARM.Collect$$libshutdown$$0000000C  c_p.l(libshutdown2.o)
    0x00000152   0x00000152   0x00000000   Code   RO          397    .ARM.Collect$$libshutdown$$0000000F  c_p.l(libshutdown2.o)
    0x00000152   0x00000152   0x00000002   Code   RO          398    .ARM.Collect$$libshutdown$$00000010  c_p.l(libshutdown2.o)
    0x00000154   0x00000154   0x00000000   Code   RO          215    .ARM.Collect$$rtentry$$00000000  c_p.l(__rtentry.o)
    0x00000154   0x00000154   0x00000000   Code   RO          230    .ARM.Collect$$rtentry$$00000002  c_p.l(__rtentry2.o)
    0x00000154   0x00000154   0x00000006   Code   RO          242    .ARM.Collect$$rtentry$$00000004  c_p.l(__rtentry4.o)
    0x0000015a   0x0000015a   0x00000000   Code   RO          232    .ARM.Collect$$rtentry$$00000009  c_p.l(__rtentry2.o)
    0x0000015a   0x0000015a   0x00000004   Code   RO          233    .ARM.Collect$$rtentry$$0000000A  c_p.l(__rtentry2.o)
    0x0000015e   0x0000015e   0x00000000   Code   RO          235    .ARM.Collect$$rtentry$$0000000C  c_p.l(__rtentry2.o)
    0x0000015e   0x0000015e   0x00000008   Code   RO          236    .ARM.Collect$$rtentry$$0000000D  c_p.l(__rtentry2.o)
    0x00000166   0x00000166   0x00000002   Code   RO          267    .ARM.Collect$$rtexit$$00000000  c_p.l(rtexit.o)
    0x00000168   0x00000168   0x00000000   Code   RO          327    .ARM.Collect$$rtexit$$00000002  c_p.l(rtexit2.o)
    0x00000168   0x00000168   0x00000004   Code   RO          328    .ARM.Collect$$rtexit$$00000003  c_p.l(rtexit2.o)
    0x0000016c   0x0000016c   0x00000006   Code   RO          329    .ARM.Collect$$rtexit$$00000004  c_p.l(rtexit2.o)
    0x00000172   0x00000172   0x00000002   PAD
    0x00000174   0x00000174   0x00000038   Code   RO          197    .emb_text           c_p.l(rt_memcpy.o)
    0x000001ac   0x000001ac   0x00000040   Code   RO          144    .text               startup_mkl25z4.o
    0x000001ec   0x000001ec   0x00000028   Code   RO          169    .text               c_p.l(noretval__2sprintf.o)
    0x00000214   0x00000214   0x0000006c   Code   RO          171    .text               c_p.l(__printf.o)
    0x00000280   0x00000280   0x0000006c   Code   RO          173    .text               c_p.l(_printf_dec.o)
    0x000002ec   0x000002ec   0x00000082   Code   RO          198    .text               c_p.l(rt_memcpy.o)
    0x0000036e   0x0000036e   0x00000040   Code   RO          201    .text               c_p.l(rt_memclr.o)
    0x000003ae   0x000003ae   0x00000006   Code   RO          211    .text               c_p.l(heapauxi.o)
    0x000003b4   0x000003b4   0x00000030   Code   RO          222    .text               c_p.l(_printf_char_common.o)
    0x000003e4   0x000003e4   0x0000000a   Code   RO          224    .text               c_p.l(_sputc.o)
    0x000003ee   0x000003ee   0x00000010   Code   RO          251    .text               c_p.l(exit.o)
    0x000003fe   0x000003fe   0x00000002   Code   RO          345    .text               c_p.l(use_no_semi.o)
    0x00000400   0x00000400   0x00000010   Code   RO          143    .ARM.__at_0x400     startup_mkl25z4.o
    0x00000410   0x00000410   0x000001f8   Code   RO          203    .text               c_p.l(aeabi_sdivfast.o)
    0x00000608   0x00000608   0x000000b0   Code   RO          220    .text               c_p.l(_printf_intcommon.o)
    0x000006b8   0x000006b8   0x00000028   Code   RO          227    .text               c_p.l(rtudiv10.o)
    0x000006e0   0x000006e0   0x0000003e   Code   RO          248    .text               c_p.l(sys_stackheap_outer.o)
    0x0000071e   0x0000071e   0x00000002   PAD
    0x00000720   0x00000720   0x00000008   Code   RO          263    .text               c_p.l(libspace.o)
    0x00000728   0x00000728   0x0000000c   Code   RO          322    .text               c_p.l(sys_exit.o)
    0x00000734   0x00000734   0x00000000   Code   RO          347    .text               c_p.l(indicate_semi.o)
    0x00000734   0x00000734   0x0000006c   Code   RO          127    .text.PORTA_IRQHandler  switches.o
    0x000007a0   0x000007a0   0x00000028   Code   RO          129    .text.PORTD_IRQHandler  switches.o
    0x000007c8   0x000007c8   0x00000138   Code   RO          153    .text.SystemInit    system_mkl25z4.o
    0x00000900   0x00000900   0x00000020   Code   RO            2    .text.delay_us      delay.o
    0x00000920   0x00000920   0x00000050   Code   RO           36    .text.i2c1_init     i2c1.o
    0x00000970   0x00000970   0x00000244   Code   RO           38    .text.i2c1_write_cmd  i2c1.o
    0x00000bb4   0x00000bb4   0x00000248   Code   RO           40    .text.i2c1_write_data  i2c1.o
    0x00000dfc   0x00000dfc   0x0000000e   Code   RO           94    .text.main          main.o
    0x00000e0a   0x00000e0a   0x00000002   PAD
    0x00000e0c   0x00000e0c   0x00000108   Code   RO          107    .text.menu_Level0   menu.o
    0x00000f14   0x00000f14   0x000001ac   Code   RO          109    .text.menu_Level1   menu.o
    0x000010c0   0x000010c0   0x0000010c   Code   RO          111    .text.menu_Level2   menu.o
    0x000011cc   0x000011cc   0x000000ec   Code   RO          113    .text.menu_Preset   menu.o
    0x000012b8   0x000012b8   0x00000028   Code   RO          105    .text.menu_Update   menu.o
    0x000012e0   0x000012e0   0x000000a0   Code   RO          103    .text.menu_init     menu.o
    0x00001380   0x00001380   0x00000010   Code   RO           64    .text.ssd1306_clearscreen  ssd1306.o
    0x00001390   0x00001390   0x00000010   Code   RO           80    .text.ssd1306_drawbitmap  ssd1306.o
    0x000013a0   0x000013a0   0x00000020   Code   RO           50    .text.ssd1306_init  ssd1306.o
    0x000013c0   0x000013c0   0x0000039c   Code   RO           72    .text.ssd1306_putchar  ssd1306.o
    0x0000175c   0x0000175c   0x00000084   Code   RO           74    .text.ssd1306_putstring  ssd1306.o
    0x000017e0   0x000017e0   0x00000058   Code   RO           60    .text.ssd1306_setorientation  ssd1306.o
    0x00001838   0x00001838   0x0000005c   Code   RO           56    .text.ssd1306_update  ssd1306.o
    0x00001894   0x00001894   0x00000088   Code   RO          125    .text.sw_init       switches.o
    0x0000191c   0x0000191c   0x00000d32   Data   RO           28    .rodata.Monospaced_plain_10  fonts.o
    0x0000264e   0x0000264e   0x00000400   Data   RO           21    .rodata.arrow_bottemSelect  bitmaps.o
    0x00002a4e   0x00002a4e   0x00000400   Data   RO           14    .rodata.arrow_select1  bitmaps.o
    0x00002e4e   0x00002e4e   0x00000400   Data   RO           15    .rodata.arrow_select2  bitmaps.o
    0x0000324e   0x0000324e   0x00000400   Data   RO           16    .rodata.arrow_select3  bitmaps.o
    0x0000364e   0x0000364e   0x00000400   Data   RO           17    .rodata.arrow_select4  bitmaps.o
    0x00003a4e   0x00003a4e   0x00000400   Data   RO           18    .rodata.arrow_select5  bitmaps.o
    0x00003e4e   0x00003e4e   0x00000400   Data   RO           19    .rodata.arrow_single  bitmaps.o
    0x0000424e   0x0000424e   0x00000400   Data   RO           20    .rodata.arrow_topSelect  bitmaps.o
    0x0000464e   0x0000464e   0x00000400   Data   RO           22    .rodata.logo        bitmaps.o
    0x00004a4e   0x00004a4e   0x0000001d   Data   RO           83    .rodata.ssd1306_init_commands  ssd1306.o
    0x00004a6b   0x00004a6b   0x00000062   Data   RO          116    .rodata.str1.1      menu.o
    0x00004acd   0x00004acd   0x00000003   PAD
    0x00004ad0   0x00004ad0   0x00000020   Data   RO          400    Region$$Table       anon$$obj.o


    Execution Region RW_IRAM1 (Exec base: 0x1ffff000, Load base: 0x00004af0, Size: 0x000005b8, Max: 0x00004000, ABSOLUTE)

    Exec Addr    Load Addr    Size         Type   Attr      Idx    E Section Name        Object

    0x1ffff000   0x00004af0   0x00000004   Data   RW          115    .data.changeValue   menu.o
    0x1ffff004   0x00004af4   0x00000004   Data   RW           82    .data.font          ssd1306.o
    0x1ffff008        -       0x00000060   Zero   RW          264    .bss                c_p.l(libspace.o)
    0x1ffff068        -       0x00000002   Zero   RW           85    .bss..L_MergedGlobals  ssd1306.o
    0x1ffff06a   0x00004af8   0x00000002   PAD
    0x1ffff06c        -       0x00000040   Zero   RW          117    .bss..L_MergedGlobals  menu.o
    0x1ffff0ac        -       0x00000004   Zero   RW          132    .bss..L_MergedGlobals  switches.o
    0x1ffff0b0        -       0x00000400   Zero   RW           84    .bss.ssd1306_framebuffer  ssd1306.o
    0x1ffff4b0        -       0x00000001   Zero   RW          131    .bss.sw3_pressed_flag  switches.o
    0x1ffff4b1   0x00004af8   0x00000007   PAD
    0x1ffff4b8        -       0x00000000   Zero   RW          141    HEAP                startup_mkl25z4.o
    0x1ffff4b8        -       0x00000100   Zero   RW          140    STACK               startup_mkl25z4.o


==============================================================================

Image component sizes


      Code (inc. data)   RO Data    RW Data    ZI Data      Debug   Object Name

         0          0       9216          0          0        770   bitmaps.o
        32          0          0          0          0        638   delay.o
         0          0       3378          0          0        532   fonts.o
      1244         28          0          0          0       6565   i2c1.o
        14          0          0          0          0        398   main.o
      1396        240         98          4         64       2950   menu.o
      1300         36         29          4       1026      11719   ssd1306.o
        80         44        192          0        256       1036   startup_mkl25z4.o
       284         60          0          0          5       4283   switches.o
       312         44          0          0          0       3358   system_mkl25z4.o

    ----------------------------------------------------------------------
      4664        452      12948          8       1360      32249   Object Totals
         0          0         32          0          0          0   (incl. Generated)
         2          0          3          0          9          0   (incl. Padding)

    ----------------------------------------------------------------------

      Code (inc. data)   RO Data    RW Data    ZI Data      Debug   Library Member Name

         8          0          0          0          0         68   __main.o
       108          0          0          0          0         76   __printf.o
         0          0          0          0          0          0   __rtentry.o
        12          0          0          0          0          0   __rtentry2.o
         6          0          0          0          0          0   __rtentry4.o
        60          8          0          0          0          0   __scatter.o
        26          0          0          0          0          0   __scatter_copy.o
        28          0          0          0          0          0   __scatter_zi.o
        48          6          0          0          0         88   _printf_char_common.o
        10          0          0          0          0          0   _printf_d.o
       108         18          0          0          0         76   _printf_dec.o
       176          0          0          0          0         84   _printf_intcommon.o
         2          0          0          0          0          0   _printf_percent.o
         4          0          0          0          0          0   _printf_percent_end.o
        10          0          0          0          0         60   _sputc.o
       504          4          0          0          0         92   aeabi_sdivfast.o
        16          0          0          0          0         68   exit.o
         6          0          0          0          0        136   heapauxi.o
         0          0          0          0          0          0   indicate_semi.o
         2          0          0          0          0          0   libinit.o
         2          0          0          0          0          0   libinit2.o
         2          0          0          0          0          0   libshutdown.o
         2          0          0          0          0          0   libshutdown2.o
         8          4          0          0         96         68   libspace.o
        40          4          0          0          0         84   noretval__2sprintf.o
        64          0          0          0          0        108   rt_memclr.o
       186          0          0          0          0        144   rt_memcpy.o
         2          0          0          0          0          0   rtexit.o
        10          0          0          0          0          0   rtexit2.o
        40          0          0          0          0         60   rtudiv10.o
        12          4          0          0          0         60   sys_exit.o
        62          0          0          0          0         80   sys_stackheap_outer.o
         2          0          0          0          0         68   use_no_semi.o

    ----------------------------------------------------------------------
      1572         48          0          0         96       1420   Library Totals
         6          0          0          0          0          0   (incl. Padding)

    ----------------------------------------------------------------------

      Code (inc. data)   RO Data    RW Data    ZI Data      Debug   Library Name

      1566         48          0          0         96       1420   c_p.l

    ----------------------------------------------------------------------
      1572         48          0          0         96       1420   Library Totals

    ----------------------------------------------------------------------

==============================================================================


      Code (inc. data)   RO Data    RW Data    ZI Data      Debug   

      6236        500      12948          8       1456      32957   Grand Totals
      6236        500      12948          8       1456      32957   ELF Image Totals
      6236        500      12948          8          0          0   ROM Totals

==============================================================================

    Total RO  Size (Code + RO Data)                19184 (  18.73kB)
    Total RW  Size (RW Data + ZI Data)              1464 (   1.43kB)
    Total ROM Size (Code + RO Data + RW Data)      19192 (  18.74kB)

==============================================================================

